Archive member included because of file (symbol)

/home/chm/gcc-arm-none-eabi-4_8-2014q3/bin/../lib/gcc/arm-none-eabi/4.8.4/../../../../arm-none-eabi/lib/armv7-m/libg_s.a(lib_a-errno.o)
                              ./system/src/newlib/_sbrk.o (__errno)
/home/chm/gcc-arm-none-eabi-4_8-2014q3/bin/../lib/gcc/arm-none-eabi/4.8.4/../../../../arm-none-eabi/lib/armv7-m/libg_s.a(lib_a-impure.o)
                              /home/chm/gcc-arm-none-eabi-4_8-2014q3/bin/../lib/gcc/arm-none-eabi/4.8.4/../../../../arm-none-eabi/lib/armv7-m/libg_s.a(lib_a-errno.o) (_impure_ptr)
/home/chm/gcc-arm-none-eabi-4_8-2014q3/bin/../lib/gcc/arm-none-eabi/4.8.4/../../../../arm-none-eabi/lib/armv7-m/libg_s.a(lib_a-malloc.o)
                              ./system/include/freertos/portable/MemMang/heap_3.o (malloc)
/home/chm/gcc-arm-none-eabi-4_8-2014q3/bin/../lib/gcc/arm-none-eabi/4.8.4/../../../../arm-none-eabi/lib/armv7-m/libg_s.a(lib_a-memcpy-stub.o)
                              ./system/src/freertos/queue.o (memcpy)
/home/chm/gcc-arm-none-eabi-4_8-2014q3/bin/../lib/gcc/arm-none-eabi/4.8.4/../../../../arm-none-eabi/lib/armv7-m/libg_s.a(lib_a-memset.o)
                              ./system/src/freertos/tasks.o (memset)
/home/chm/gcc-arm-none-eabi-4_8-2014q3/bin/../lib/gcc/arm-none-eabi/4.8.4/../../../../arm-none-eabi/lib/armv7-m/libg_s.a(lib_a-nano-freer.o)
                              /home/chm/gcc-arm-none-eabi-4_8-2014q3/bin/../lib/gcc/arm-none-eabi/4.8.4/../../../../arm-none-eabi/lib/armv7-m/libg_s.a(lib_a-malloc.o) (_free_r)
/home/chm/gcc-arm-none-eabi-4_8-2014q3/bin/../lib/gcc/arm-none-eabi/4.8.4/../../../../arm-none-eabi/lib/armv7-m/libg_s.a(lib_a-nano-mallocr.o)
                              /home/chm/gcc-arm-none-eabi-4_8-2014q3/bin/../lib/gcc/arm-none-eabi/4.8.4/../../../../arm-none-eabi/lib/armv7-m/libg_s.a(lib_a-malloc.o) (_malloc_r)
/home/chm/gcc-arm-none-eabi-4_8-2014q3/bin/../lib/gcc/arm-none-eabi/4.8.4/../../../../arm-none-eabi/lib/armv7-m/libg_s.a(lib_a-sbrkr.o)
                              /home/chm/gcc-arm-none-eabi-4_8-2014q3/bin/../lib/gcc/arm-none-eabi/4.8.4/../../../../arm-none-eabi/lib/armv7-m/libg_s.a(lib_a-nano-mallocr.o) (_sbrk_r)
/home/chm/gcc-arm-none-eabi-4_8-2014q3/bin/../lib/gcc/arm-none-eabi/4.8.4/../../../../arm-none-eabi/lib/armv7-m/libg_s.a(lib_a-sprintf.o)
                              ./src/main-freertos.o (sprintf)
/home/chm/gcc-arm-none-eabi-4_8-2014q3/bin/../lib/gcc/arm-none-eabi/4.8.4/../../../../arm-none-eabi/lib/armv7-m/libg_s.a(lib_a-strncpy.o)
                              ./system/src/freertos/tasks.o (strncpy)
/home/chm/gcc-arm-none-eabi-4_8-2014q3/bin/../lib/gcc/arm-none-eabi/4.8.4/../../../../arm-none-eabi/lib/armv7-m/libg_s.a(lib_a-svfprintf.o)
                              /home/chm/gcc-arm-none-eabi-4_8-2014q3/bin/../lib/gcc/arm-none-eabi/4.8.4/../../../../arm-none-eabi/lib/armv7-m/libg_s.a(lib_a-sprintf.o) (_svfprintf_r)
/home/chm/gcc-arm-none-eabi-4_8-2014q3/bin/../lib/gcc/arm-none-eabi/4.8.4/../../../../arm-none-eabi/lib/armv7-m/libg_s.a(lib_a-vfprintf_i.o)
                              /home/chm/gcc-arm-none-eabi-4_8-2014q3/bin/../lib/gcc/arm-none-eabi/4.8.4/../../../../arm-none-eabi/lib/armv7-m/libg_s.a(lib_a-svfprintf.o) (_printf_i)
/home/chm/gcc-arm-none-eabi-4_8-2014q3/bin/../lib/gcc/arm-none-eabi/4.8.4/../../../../arm-none-eabi/lib/armv7-m/libg_s.a(lib_a-memchr-stub.o)
                              /home/chm/gcc-arm-none-eabi-4_8-2014q3/bin/../lib/gcc/arm-none-eabi/4.8.4/../../../../arm-none-eabi/lib/armv7-m/libg_s.a(lib_a-svfprintf.o) (memchr)
/home/chm/gcc-arm-none-eabi-4_8-2014q3/bin/../lib/gcc/arm-none-eabi/4.8.4/../../../../arm-none-eabi/lib/armv7-m/libg_s.a(lib_a-memmove.o)
                              /home/chm/gcc-arm-none-eabi-4_8-2014q3/bin/../lib/gcc/arm-none-eabi/4.8.4/../../../../arm-none-eabi/lib/armv7-m/libg_s.a(lib_a-svfprintf.o) (memmove)
/home/chm/gcc-arm-none-eabi-4_8-2014q3/bin/../lib/gcc/arm-none-eabi/4.8.4/../../../../arm-none-eabi/lib/armv7-m/libg_s.a(lib_a-nano-reallocr.o)
                              /home/chm/gcc-arm-none-eabi-4_8-2014q3/bin/../lib/gcc/arm-none-eabi/4.8.4/../../../../arm-none-eabi/lib/armv7-m/libg_s.a(lib_a-svfprintf.o) (_realloc_r)
/home/chm/gcc-arm-none-eabi-4_8-2014q3/bin/../lib/gcc/arm-none-eabi/4.8.4/../../../../arm-none-eabi/lib/armv7-m/libg_s.a(lib_a-strlen.o)
                              /home/chm/gcc-arm-none-eabi-4_8-2014q3/bin/../lib/gcc/arm-none-eabi/4.8.4/../../../../arm-none-eabi/lib/armv7-m/libg_s.a(lib_a-vfprintf_i.o) (strlen)
/home/chm/gcc-arm-none-eabi-4_8-2014q3/bin/../lib/gcc/arm-none-eabi/4.8.4/../../../../arm-none-eabi/lib/armv7-m/libg_s.a(lib_a-nano-msizer.o)
                              /home/chm/gcc-arm-none-eabi-4_8-2014q3/bin/../lib/gcc/arm-none-eabi/4.8.4/../../../../arm-none-eabi/lib/armv7-m/libg_s.a(lib_a-nano-reallocr.o) (_malloc_usable_size_r)

Allocating common symbols
Common symbol       size              file

errno               0x4               ./system/src/newlib/_syscalls.o
[...]
Memory Configuration

Name             Origin             Length             Attributes
RAM              0x20000000         0x00005000         xrw
FLASH            0x08000000         0x00020000         xr
CCMRAM           0x00000000         0x00000000         xrw
FLASHB1          0x00000000         0x00000000         xr
EXTMEMB0         0x00000000         0x00000000         xr
EXTMEMB1         0x00000000         0x00000000         xr
EXTMEMB2         0x00000000         0x00000000         xr
EXTMEMB3         0x00000000         0x00000000         xr
MEMORY_ARRAY     0x00000000         0x00000000         xrw
*default*        0x00000000         0xffffffff

Linker script and memory map

LOAD ./system/src/stm32f1-stdperiph/misc.o
LOAD ./system/src/stm32f1-stdperiph/stm32f10x_gpio.o
LOAD ./system/src/stm32f1-stdperiph/stm32f10x_rcc.o
LOAD ./system/src/newlib/_cxx.o
LOAD ./system/src/newlib/_exit.o
LOAD ./system/src/newlib/_sbrk.o
LOAD ./system/src/newlib/_startup.o
LOAD ./system/src/newlib/_syscalls.o
LOAD ./system/src/newlib/_write.o
LOAD ./system/src/newlib/assert.o
LOAD ./system/src/freertos/croutine.o
LOAD ./system/src/freertos/list.o
LOAD ./system/src/freertos/queue.o
LOAD ./system/src/freertos/tasks.o
LOAD ./system/src/freertos/timers.o
LOAD ./system/src/diag/Trace.o
LOAD ./system/src/diag/trace_impl.o
LOAD ./system/src/cortexm/_initialize_hardware.o
LOAD ./system/src/cortexm/_reset_hardware.o
LOAD ./system/src/cortexm/exception_handlers.o
LOAD ./system/src/CMSIS/system_stm32f10x.o
LOAD ./system/src/CMSIS/vectors_stm32f10x.o
LOAD ./system/include/freertos/portable/MemMang/heap_3.o
LOAD ./system/include/freertos/portable/GCC/ARM_CM3/port.o
LOAD ./src/helper.o
LOAD ./src/main-freertos.o
LOAD /home/chm/gcc-arm-none-eabi-4_8-2014q3/bin/../lib/gcc/arm-none-eabi/4.8.4/../../../../arm-none-eabi/lib/armv7-m/libstdc++_s.a
LOAD /home/chm/gcc-arm-none-eabi-4_8-2014q3/bin/../lib/gcc/arm-none-eabi/4.8.4/../../../../arm-none-eabi/lib/armv7-m/libm.a
START GROUP
LOAD /home/chm/gcc-arm-none-eabi-4_8-2014q3/bin/../lib/gcc/arm-none-eabi/4.8.4/armv7-m/libgcc.a
LOAD /home/chm/gcc-arm-none-eabi-4_8-2014q3/bin/../lib/gcc/arm-none-eabi/4.8.4/../../../../arm-none-eabi/lib/armv7-m/libg_s.a
LOAD /home/chm/gcc-arm-none-eabi-4_8-2014q3/bin/../lib/gcc/arm-none-eabi/4.8.4/../../../../arm-none-eabi/lib/armv7-m/libc_s.a
END GROUP
START GROUP
LOAD /home/chm/gcc-arm-none-eabi-4_8-2014q3/bin/../lib/gcc/arm-none-eabi/4.8.4/armv7-m/libgcc.a
LOAD /home/chm/gcc-arm-none-eabi-4_8-2014q3/bin/../lib/gcc/arm-none-eabi/4.8.4/../../../../arm-none-eabi/lib/armv7-m/libc_s.a
END GROUP
                0x20005000                __stack = (ORIGIN (RAM) + 0x5000)
                0x20005000                _estack = __stack
                0x00000400                __Main_Stack_Size = 0x400
                0x00000400                PROVIDE (_Main_Stack_Size, __Main_Stack_Size)
                0x20004c00                __Main_Stack_Limit = (__stack - __Main_Stack_Size)
                0x20004c00                PROVIDE (_Main_Stack_Limit, __Main_Stack_Limit)
                0x00000100                _Minimum_Stack_Size = 0x100
                0x20000204                PROVIDE (_Heap_Begin, _end_noinit)
                0x20004c00                PROVIDE (_Heap_Limit, (__stack - __Main_Stack_Size))

.isr_vector     0x08000000      0x280
                0x08000000                . = ALIGN (0x4)
 *(.isr_vector)
 .isr_vector    0x08000000      0x10c ./system/src/CMSIS/vectors_stm32f10x.o
                0x08000000                __isr_vectors
 *(.cfmconfig)
 *(.after_vectors .after_vectors.*)
 .after_vectors
                0x0800010c      0x11c ./system/src/newlib/_startup.o
                0x0800010c                _start
 .after_vectors
                0x08000228       0x50 ./system/src/cortexm/exception_handlers.o
                0x08000228                Reset_Handler
                0x0800022c                NMI_Handler
                0x08000234                HardFault_Handler
                0x0800023c                MemManage_Handler
                0x08000244                BusFault_Handler
                0x0800024c                UsageFault_Handler
                0x0800025c                DebugMon_Handler
 .after_vectors
                0x08000278        0x8 ./system/src/CMSIS/vectors_stm32f10x.o
                0x08000278                EXTI2_IRQHandler
                0x08000278                TIM8_TRG_COM_IRQHandler
                0x08000278                TIM8_CC_IRQHandler
                0x08000278                TIM1_CC_IRQHandler
                0x08000278                TIM6_IRQHandler
                0x08000278                PVD_IRQHandler
                0x08000278                SDIO_IRQHandler
                0x08000278                CAN2_RX1_IRQHandler
                0x08000278                EXTI3_IRQHandler
                0x08000278                TIM8_TRG_COM_TIM14_IRQHandler
                0x08000278                TIM1_UP_TIM10_IRQHandler
                0x08000278                TIM8_UP_TIM13_IRQHandler
                0x08000278                EXTI0_IRQHandler
                0x08000278                I2C2_EV_IRQHandler
                0x08000278                CAN1_RX0_IRQHandler
                0x08000278                TIM1_UP_TIM16_IRQHandler
                0x08000278                CAN2_SCE_IRQHandler
                0x08000278                ADC1_2_IRQHandler
                0x08000278                SPI1_IRQHandler
                0x08000278                TAMPER_IRQHandler
                0x08000278                TIM6_DAC_IRQHandler
                0x08000278                TIM1_BRK_TIM9_IRQHandler
                0x08000278                CAN2_RX0_IRQHandler
                0x08000278                TIM8_UP_IRQHandler
                0x08000278                DMA2_Channel2_IRQHandler
                0x08000278                DMA1_Channel4_IRQHandler
                0x08000278                USART3_IRQHandler
                0x08000278                RTC_IRQHandler
                0x08000278                DMA1_Channel7_IRQHandler
                0x08000278                CAN1_RX1_IRQHandler
                0x08000278                UART5_IRQHandler
                0x08000278                ADC3_IRQHandler
                0x08000278                TIM4_IRQHandler
                0x08000278                DMA2_Channel1_IRQHandler
                0x08000278                I2C1_EV_IRQHandler
                0x08000278                DMA1_Channel6_IRQHandler
                0x08000278                UART4_IRQHandler
                0x08000278                DMA2_Channel4_IRQHandler
                0x08000278                TIM3_IRQHandler
                0x08000278                RCC_IRQHandler
                0x08000278                TIM8_BRK_TIM12_IRQHandler
                0x08000278                TIM1_TRG_COM_IRQHandler
                0x08000278                DMA1_Channel1_IRQHandler
                0x08000278                Default_Handler
                0x08000278                CEC_IRQHandler
                0x08000278                EXTI15_10_IRQHandler
                0x08000278                TIM14_IRQHandler
                0x08000278                TIM13_IRQHandler
                0x08000278                TIM12_IRQHandler
                0x08000278                TIM7_IRQHandler
                0x08000278                CAN2_TX_IRQHandler
                0x08000278                TIM5_IRQHandler
                0x08000278                EXTI9_5_IRQHandler
                0x08000278                ETH_WKUP_IRQHandler
                0x08000278                SPI2_IRQHandler
                0x08000278                CAN1_TX_IRQHandler
                0x08000278                DMA2_Channel5_IRQHandler
                0x08000278                DMA1_Channel5_IRQHandler
                0x08000278                EXTI4_IRQHandler
                0x08000278                USB_LP_CAN1_RX0_IRQHandler
                0x08000278                TIM1_TRG_COM_TIM17_IRQHandler
                0x08000278                USB_HP_CAN1_TX_IRQHandler
                0x08000278                DMA1_Channel3_IRQHandler
                0x08000278                FSMC_IRQHandler
                0x08000278                ETH_IRQHandler
                0x08000278                TIM1_UP_IRQHandler
                0x08000278                WWDG_IRQHandler
                0x08000278                TIM2_IRQHandler
                0x08000278                OTG_FS_WKUP_IRQHandler
                0x08000278                TIM1_TRG_COM_TIM11_IRQHandler
                0x08000278                TIM1_BRK_IRQHandler
                0x08000278                EXTI1_IRQHandler
                0x08000278                RTCAlarm_IRQHandler
                0x08000278                DMA2_Channel4_5_IRQHandler
                0x08000278                USART2_IRQHandler
                0x08000278                I2C2_ER_IRQHandler
                0x08000278                DMA1_Channel2_IRQHandler
                0x08000278                TIM8_BRK_IRQHandler
                0x08000278                CAN1_SCE_IRQHandler
                0x08000278                FLASH_IRQHandler
                0x08000278                USART1_IRQHandler
                0x08000278                OTG_FS_IRQHandler
                0x08000278                SPI3_IRQHandler
                0x08000278                I2C1_ER_IRQHandler
                0x08000278                USBWakeUp_IRQHandler
                0x08000278                DMA2_Channel3_IRQHandler
                0x08000278                TIM1_BRK_TIM15_IRQHandler
                0x08000280                . = ALIGN (0x4)

.inits          0x08000280        0x0
                0x08000280                . = ALIGN (0x4)
 *(.init)
 *(.fini)
                0x08000280                . = ALIGN (0x4)
                0x08000280                PROVIDE (__preinit_array_start, .)
 *(.preinit_array_sysinit .preinit_array_sysinit.*)
 *(.preinit_array_platform .preinit_array_platform.*)
 *(.preinit_array .preinit_array.*)
                0x08000280                PROVIDE (__preinit_array_end, .)
                0x08000280                . = ALIGN (0x4)
                0x08000280                PROVIDE (__init_array_start, .)
 *(SORT(.init_array.*))
 *(.init_array)
                0x08000280                PROVIDE (__init_array_end, .)
                0x08000280                . = ALIGN (0x4)
                0x08000280                PROVIDE (__fini_array_start, .)
 *(SORT(.fini_array.*))
 *(.fini_array)
                0x08000280                PROVIDE (__fini_array_end, .)
                0x08000280                . = ALIGN (0x4)

.flashtext      0x08000280        0x0
                0x08000280                . = ALIGN (0x4)
 *(.flashtext .flashtext.*)
                0x08000280                . = ALIGN (0x4)

.text           0x08000280     0x202d
                0x08000280                . = ALIGN (0x4)
 *(.text .text.*)
 .text.NVIC_Init
                0x08000280       0xc0 ./system/src/stm32f1-stdperiph/misc.o
                0x08000280                NVIC_Init
 .text.GPIO_Init
                0x08000340      0x178 ./system/src/stm32f1-stdperiph/stm32f10x_gpio.o
                0x08000340                GPIO_Init
 .text.GPIO_ReadOutputDataBit
                0x080004b8       0x34 ./system/src/stm32f1-stdperiph/stm32f10x_gpio.o
                0x080004b8                GPIO_ReadOutputDataBit
 .text.GPIO_SetBits
                0x080004ec       0x1c ./system/src/stm32f1-stdperiph/stm32f10x_gpio.o
                0x080004ec                GPIO_SetBits
 .text.GPIO_ResetBits
                0x08000508       0x1c ./system/src/stm32f1-stdperiph/stm32f10x_gpio.o
                0x08000508                GPIO_ResetBits
 .text.GPIO_WriteBit
                0x08000524       0x30 ./system/src/stm32f1-stdperiph/stm32f10x_gpio.o
                0x08000524                GPIO_WriteBit
 .text.RCC_GetClocksFreq
                0x08000554      0x164 ./system/src/stm32f1-stdperiph/stm32f10x_rcc.o
                0x08000554                RCC_GetClocksFreq
 .text.RCC_APB2PeriphClockCmd
                0x080006b8       0x3c ./system/src/stm32f1-stdperiph/stm32f10x_rcc.o
                0x080006b8                RCC_APB2PeriphClockCmd
 .text.RCC_APB1PeriphClockCmd
                0x080006f4       0x3c ./system/src/stm32f1-stdperiph/stm32f10x_rcc.o
                0x080006f4                RCC_APB1PeriphClockCmd
 .text._exit    0x08000730        0xc ./system/src/newlib/_exit.o
                0x08000730                _exit
 .text._sbrk    0x0800073c       0x68 ./system/src/newlib/_sbrk.o
                0x0800073c                _sbrk
 .text.__initialize_args
                0x080007a4       0x28 ./system/src/newlib/_syscalls.o
                0x080007a4                __initialize_args
 .text.vListInitialise
                0x080007cc       0x40 ./system/src/freertos/list.o
                0x080007cc                vListInitialise
 .text.vListInitialiseItem
                0x0800080c       0x18 ./system/src/freertos/list.o
                0x0800080c                vListInitialiseItem
 .text.vListInsertEnd
                0x08000824       0x50 ./system/src/freertos/list.o
                0x08000824                vListInsertEnd
 .text.vListInsert
                0x08000874       0x70 ./system/src/freertos/list.o
                0x08000874                vListInsert
 .text.vListRemove
                0x080008e4       0x50 ./system/src/freertos/list.o
                0x080008e4                vListRemove
 .text.xTaskGenericCreate
                0x08000934      0x150 ./system/src/freertos/tasks.o
                0x08000934                xTaskGenericCreate
 .text.vTaskDelay
                0x08000a84       0x50 ./system/src/freertos/tasks.o
                0x08000a84                vTaskDelay
 .text.vTaskStartScheduler
                0x08000ad4       0x58 ./system/src/freertos/tasks.o
                0x08000ad4                vTaskStartScheduler
 .text.vTaskSuspendAll
                0x08000b2c       0x1c ./system/src/freertos/tasks.o
                0x08000b2c                vTaskSuspendAll
 .text.xTaskResumeAll
                0x08000b48       0xf4 ./system/src/freertos/tasks.o
                0x08000b48                xTaskResumeAll
 .text.vTaskIncrementTick
                0x08000c3c      0x12c ./system/src/freertos/tasks.o
                0x08000c3c                vTaskIncrementTick
 .text.vTaskSwitchContext
                0x08000d68       0x94 ./system/src/freertos/tasks.o
                0x08000d68                vTaskSwitchContext
 .text.prvIdleTask
                0x08000dfc       0x20 ./system/src/freertos/tasks.o
 .text.prvInitialiseTCBVariables
                0x08000e1c       0x6c ./system/src/freertos/tasks.o
 .text.prvInitialiseTaskLists
                0x08000e88       0x7c ./system/src/freertos/tasks.o
 .text.prvCheckTasksWaitingTermination
                0x08000f04       0x74 ./system/src/freertos/tasks.o
 .text.prvAddCurrentTaskToDelayedList
                0x08000f78       0x6c ./system/src/freertos/tasks.o
 .text.prvAllocateTCBAndStack
                0x08000fe4       0x64 ./system/src/freertos/tasks.o
 .text.prvDeleteTCB
                0x08001048       0x20 ./system/src/freertos/tasks.o
 .text.__initialize_hardware_early
                0x08001068        0xc ./system/src/cortexm/_initialize_hardware.o
                0x08001068                __initialize_hardware_early
 .text.__initialize_hardware
                0x08001074        0xc ./system/src/cortexm/_initialize_hardware.o
                0x08001074                __initialize_hardware
 .text.NVIC_SystemReset
                0x08001080       0x28 ./system/src/cortexm/_reset_hardware.o
 .text.__reset_hardware
                0x080010a8        0x8 ./system/src/cortexm/_reset_hardware.o
                0x080010a8                __reset_hardware
 .text.SystemInit
                0x080010b0       0x68 ./system/src/CMSIS/system_stm32f10x.o
                0x080010b0                SystemInit
 .text.SystemCoreClockUpdate
                0x08001118       0xd8 ./system/src/CMSIS/system_stm32f10x.o
                0x08001118                SystemCoreClockUpdate
 .text.SetSysClock
                0x080011f0        0xc ./system/src/CMSIS/system_stm32f10x.o
 .text.SetSysClockTo72
                0x080011fc      0x100 ./system/src/CMSIS/system_stm32f10x.o
 .text.pvPortMalloc
                0x080012fc       0x24 ./system/include/freertos/portable/MemMang/heap_3.o
                0x080012fc                pvPortMalloc
 .text.vPortFree
                0x08001320       0x24 ./system/include/freertos/portable/MemMang/heap_3.o
                0x08001320                vPortFree
 .text.pxPortInitialiseStack
                0x08001344       0x54 ./system/include/freertos/portable/GCC/ARM_CM3/port.o
                0x08001344                pxPortInitialiseStack
 .text.SVC_Handler
                0x08001398       0x20 ./system/include/freertos/portable/GCC/ARM_CM3/port.o
                0x08001398                SVC_Handler
 .text.prvPortStartFirstTask
                0x080013b8       0x14 ./system/include/freertos/portable/GCC/ARM_CM3/port.o
 .text.xPortStartScheduler
                0x080013cc       0x38 ./system/include/freertos/portable/GCC/ARM_CM3/port.o
                0x080013cc                xPortStartScheduler
 .text.vPortYieldFromISR
                0x08001404       0x18 ./system/include/freertos/portable/GCC/ARM_CM3/port.o
                0x08001404                vPortYieldFromISR
 .text.vPortEnterCritical
                0x0800141c       0x24 ./system/include/freertos/portable/GCC/ARM_CM3/port.o
                0x0800141c                vPortEnterCritical
 .text.vPortExitCritical
                0x08001440       0x2c ./system/include/freertos/portable/GCC/ARM_CM3/port.o
                0x08001440                vPortExitCritical
 .text.PendSV_Handler
                0x0800146c       0x3c ./system/include/freertos/portable/GCC/ARM_CM3/port.o
                0x0800146c                PendSV_Handler
 .text.SysTick_Handler
                0x080014a8       0x30 ./system/include/freertos/portable/GCC/ARM_CM3/port.o
                0x080014a8                SysTick_Handler
 .text.prvSetupTimerInterrupt
                0x080014d8       0x24 ./system/include/freertos/portable/GCC/ARM_CM3/port.o
 .text.USART_Init
                0x080014fc      0x174 ./src/helper.o
                0x080014fc                USART_Init
 .text.USART_Cmd
                0x08001670       0x40 ./src/helper.o
                0x08001670                USART_Cmd
 .text.USART_ITConfig
                0x080016b0       0x90 ./src/helper.o
                0x080016b0                USART_ITConfig
 .text.USART_SendData
                0x08001740       0x24 ./src/helper.o
                0x08001740                USART_SendData
 .text.USART_GetFlagStatus
                0x08001764       0x38 ./src/helper.o
                0x08001764                USART_GetFlagStatus
 .text.led_init
                0x0800179c       0x3c ./src/helper.o
                0x0800179c                led_init
 .text.init_rs232
                0x080017d8       0x7c ./src/helper.o
                0x080017d8                init_rs232
 .text.enable_rs232_interrupts
                0x08001854       0x3c ./src/helper.o
                0x08001854                enable_rs232_interrupts
 .text.enable_rs232
                0x08001890       0x14 ./src/helper.o
                0x08001890                enable_rs232
 .text.led_toggle
                0x080018a4       0x3c ./src/helper.o
                0x080018a4                led_toggle
 .text.send_byte
                0x080018e0       0x30 ./src/helper.o
                0x080018e0                send_byte
 .text.send_string
                0x08001910       0x3c ./src/helper.o
                0x08001910                send_string
 .text.led_blink_task
                0x0800194c       0x38 ./src/main-freertos.o
                0x0800194c                led_blink_task
 .text.main     0x08001984       0x54 ./src/main-freertos.o
                0x08001984                main
 .text.__errno  0x080019d8        0xc /home/chm/gcc-arm-none-eabi-4_8-2014q3/bin/../lib/gcc/arm-none-eabi/4.8.4/../../../../arm-none-eabi/lib/armv7-m/libg_s.a(lib_a-errno.o)
                0x080019d8                __errno
 .text.malloc   0x080019e4       0x10 /home/chm/gcc-arm-none-eabi-4_8-2014q3/bin/../lib/gcc/arm-none-eabi/4.8.4/../../../../arm-none-eabi/lib/armv7-m/libg_s.a(lib_a-malloc.o)
                0x080019e4                malloc
 .text.free     0x080019f4       0x10 /home/chm/gcc-arm-none-eabi-4_8-2014q3/bin/../lib/gcc/arm-none-eabi/4.8.4/../../../../arm-none-eabi/lib/armv7-m/libg_s.a(lib_a-malloc.o)
                0x080019f4                free
 .text.memcpy   0x08001a04       0x12 /home/chm/gcc-arm-none-eabi-4_8-2014q3/bin/../lib/gcc/arm-none-eabi/4.8.4/../../../../arm-none-eabi/lib/armv7-m/libg_s.a(lib_a-memcpy-stub.o)
                0x08001a04                memcpy
 .text.memset   0x08001a16       0x10 /home/chm/gcc-arm-none-eabi-4_8-2014q3/bin/../lib/gcc/arm-none-eabi/4.8.4/../../../../arm-none-eabi/lib/armv7-m/libg_s.a(lib_a-memset.o)
                0x08001a16                memset
 *fill*         0x08001a26        0x2 
 .text._free_r  0x08001a28       0x88 /home/chm/gcc-arm-none-eabi-4_8-2014q3/bin/../lib/gcc/arm-none-eabi/4.8.4/../../../../arm-none-eabi/lib/armv7-m/libg_s.a(lib_a-nano-freer.o)
                0x08001a28                _free_r
 .text._malloc_r
                0x08001ab0       0xa8 /home/chm/gcc-arm-none-eabi-4_8-2014q3/bin/../lib/gcc/arm-none-eabi/4.8.4/../../../../arm-none-eabi/lib/armv7-m/libg_s.a(lib_a-nano-mallocr.o)
                0x08001ab0                _malloc_r
 .text._sbrk_r  0x08001b58       0x20 /home/chm/gcc-arm-none-eabi-4_8-2014q3/bin/../lib/gcc/arm-none-eabi/4.8.4/../../../../arm-none-eabi/lib/armv7-m/libg_s.a(lib_a-sbrkr.o)
                0x08001b58                _sbrk_r
 .text.sprintf  0x08001b78       0x48 /home/chm/gcc-arm-none-eabi-4_8-2014q3/bin/../lib/gcc/arm-none-eabi/4.8.4/../../../../arm-none-eabi/lib/armv7-m/libg_s.a(lib_a-sprintf.o)
                0x08001b78                sprintf
                0x08001b78                siprintf
 .text.strncpy  0x08001bc0       0x24 /home/chm/gcc-arm-none-eabi-4_8-2014q3/bin/../lib/gcc/arm-none-eabi/4.8.4/../../../../arm-none-eabi/lib/armv7-m/libg_s.a(lib_a-strncpy.o)
                0x08001bc0                strncpy
 .text.__ssputs_r
                0x08001be4       0xb8 /home/chm/gcc-arm-none-eabi-4_8-2014q3/bin/../lib/gcc/arm-none-eabi/4.8.4/../../../../arm-none-eabi/lib/armv7-m/libg_s.a(lib_a-svfprintf.o)
                0x08001be4                __ssputs_r
 .text._svfprintf_r
                0x08001c9c      0x1d8 /home/chm/gcc-arm-none-eabi-4_8-2014q3/bin/../lib/gcc/arm-none-eabi/4.8.4/../../../../arm-none-eabi/lib/armv7-m/libg_s.a(lib_a-svfprintf.o)
                0x08001c9c                _svfprintf_r
                0x08001c9c                _svfiprintf_r
 .text._printf_common
                0x08001e74       0xe4 /home/chm/gcc-arm-none-eabi-4_8-2014q3/bin/../lib/gcc/arm-none-eabi/4.8.4/../../../../arm-none-eabi/lib/armv7-m/libg_s.a(lib_a-vfprintf_i.o)
                0x08001e74                _printf_common
 .text._printf_i
                0x08001f58      0x228 /home/chm/gcc-arm-none-eabi-4_8-2014q3/bin/../lib/gcc/arm-none-eabi/4.8.4/../../../../arm-none-eabi/lib/armv7-m/libg_s.a(lib_a-vfprintf_i.o)
                0x08001f58                _printf_i
 .text.memchr   0x08002180       0x1c /home/chm/gcc-arm-none-eabi-4_8-2014q3/bin/../lib/gcc/arm-none-eabi/4.8.4/../../../../arm-none-eabi/lib/armv7-m/libg_s.a(lib_a-memchr-stub.o)
                0x08002180                memchr
 .text.memmove  0x0800219c       0x36 /home/chm/gcc-arm-none-eabi-4_8-2014q3/bin/../lib/gcc/arm-none-eabi/4.8.4/../../../../arm-none-eabi/lib/armv7-m/libg_s.a(lib_a-memmove.o)
                0x0800219c                memmove
 .text._realloc_r
                0x080021d2       0x4c /home/chm/gcc-arm-none-eabi-4_8-2014q3/bin/../lib/gcc/arm-none-eabi/4.8.4/../../../../arm-none-eabi/lib/armv7-m/libg_s.a(lib_a-nano-reallocr.o)
                0x080021d2                _realloc_r
 .text.strlen   0x0800221e       0x10 /home/chm/gcc-arm-none-eabi-4_8-2014q3/bin/../lib/gcc/arm-none-eabi/4.8.4/../../../../arm-none-eabi/lib/armv7-m/libg_s.a(lib_a-strlen.o)
                0x0800221e                strlen
 .text._malloc_usable_size_r
                0x0800222e       0x12 /home/chm/gcc-arm-none-eabi-4_8-2014q3/bin/../lib/gcc/arm-none-eabi/4.8.4/../../../../arm-none-eabi/lib/armv7-m/libg_s.a(lib_a-nano-msizer.o)
                0x0800222e                _malloc_usable_size_r
 *(.rodata .rodata.*)
 .rodata        0x08002240        0x8 ./system/src/freertos/tasks.o
 .rodata        0x08002248       0x30 ./src/main-freertos.o
 .rodata.str1.1
                0x08002278        0x2 /home/chm/gcc-arm-none-eabi-4_8-2014q3/bin/../lib/gcc/arm-none-eabi/4.8.4/../../../../arm-none-eabi/lib/armv7-m/libg_s.a(lib_a-impure.o)
 .rodata.str1.1
                0x0800227a       0x11 /home/chm/gcc-arm-none-eabi-4_8-2014q3/bin/../lib/gcc/arm-none-eabi/4.8.4/../../../../arm-none-eabi/lib/armv7-m/libg_s.a(lib_a-svfprintf.o)
 .rodata.str1.1
                0x0800228b       0x22 /home/chm/gcc-arm-none-eabi-4_8-2014q3/bin/../lib/gcc/arm-none-eabi/4.8.4/../../../../arm-none-eabi/lib/armv7-m/libg_s.a(lib_a-vfprintf_i.o)
 *(vtable)
 *(.eh_frame*)
 *(.glue_7)
 .glue_7        0x00000000        0x0 linker stubs
 *(.glue_7t)
 .glue_7t       0x00000000        0x0 linker stubs

.vfp11_veneer   0x080022b0        0x0
 .vfp11_veneer  0x00000000        0x0 linker stubs

.v4_bx          0x080022b0        0x0
 .v4_bx         0x00000000        0x0 linker stubs

.iplt           0x080022b0        0x0
 .iplt          0x00000000        0x0 ./system/src/stm32f1-stdperiph/misc.o

.rel.dyn        0x080022b0        0x0
 .rel.iplt      0x00000000        0x0 ./system/src/stm32f1-stdperiph/misc.o

.ARM.extab
 *(.ARM.extab* .gnu.linkonce.armextab.*)
                0x080022b0                __exidx_start = .

.ARM.exidx
 *(.ARM.exidx* .gnu.linkonce.armexidx.*)
                0x080022b0                __exidx_end = .
                0x080022b0                . = ALIGN (0x4)
                0x080022b0                _etext = .
                0x080022b0                __etext = .
                0x080022b0                _sidata = _etext

.data           0x20000000       0x9c load address 0x080022b0
                0x20000000                . = ALIGN (0x4)
                0x20000000                _sdata = .
                0x20000000                __data_start__ = .
 *(.data_begin .data_begin.*)
 *(.data .data.*)
 .data.APBAHBPrescTable
                0x20000000       0x10 ./system/src/stm32f1-stdperiph/stm32f10x_rcc.o
 .data.ADCPrescTable
                0x20000010        0x4 ./system/src/stm32f1-stdperiph/stm32f10x_rcc.o
 .data.argv.4461
                0x20000014        0x8 ./system/src/newlib/_syscalls.o
 .data.xNextTaskUnblockTime
                0x2000001c        0x4 ./system/src/freertos/tasks.o
 .data.SystemCoreClock
                0x20000020        0x4 ./system/src/CMSIS/system_stm32f10x.o
                0x20000020                SystemCoreClock
 .data.AHBPrescTable
                0x20000024       0x10 ./system/src/CMSIS/system_stm32f10x.o
                0x20000024                AHBPrescTable
 .data.uxCriticalNesting
                0x20000034        0x4 ./system/include/freertos/portable/GCC/ARM_CM3/port.o
 .data.impure_data
                0x20000038       0x60 /home/chm/gcc-arm-none-eabi-4_8-2014q3/bin/../lib/gcc/arm-none-eabi/4.8.4/../../../../arm-none-eabi/lib/armv7-m/libg_s.a(lib_a-impure.o)
 .data._impure_ptr
                0x20000098        0x4 /home/chm/gcc-arm-none-eabi-4_8-2014q3/bin/../lib/gcc/arm-none-eabi/4.8.4/../../../../arm-none-eabi/lib/armv7-m/libg_s.a(lib_a-impure.o)
                0x20000098                _impure_ptr
 *(.data_end .data_end.*)
                0x2000009c                . = ALIGN (0x4)
                0x2000009c                _edata = .
                0x2000009c                __data_end__ = .

.igot.plt       0x2000009c        0x0 load address 0x0800234c
 .igot.plt      0x00000000        0x0 ./system/src/stm32f1-stdperiph/misc.o

.bss            0x2000009c      0x168 load address 0x0800234c
                0x2000009c                . = ALIGN (0x4)
                0x2000009c                __bss_start__ = .
                0x2000009c                _sbss = .
 *(.bss_begin .bss_begin.*)
 *(.bss .bss.*)
 .bss.current_heap_end.4289
                0x2000009c        0x4 ./system/src/newlib/_sbrk.o
 .bss.name.4460
                0x200000a0        0x4 ./system/src/newlib/_syscalls.o
 .bss.pxCurrentTCB
                0x200000a4        0x4 ./system/src/freertos/tasks.o
                0x200000a4                pxCurrentTCB
 .bss.pxReadyTasksLists
                0x200000a8       0x64 ./system/src/freertos/tasks.o
 .bss.xDelayedTaskList1
                0x2000010c       0x14 ./system/src/freertos/tasks.o
 .bss.xDelayedTaskList2
                0x20000120       0x14 ./system/src/freertos/tasks.o
 .bss.pxDelayedTaskList
                0x20000134        0x4 ./system/src/freertos/tasks.o
 .bss.pxOverflowDelayedTaskList
                0x20000138        0x4 ./system/src/freertos/tasks.o
 .bss.xPendingReadyList
                0x2000013c       0x14 ./system/src/freertos/tasks.o
 .bss.xTasksWaitingTermination
                0x20000150       0x14 ./system/src/freertos/tasks.o
 .bss.uxTasksDeleted
                0x20000164        0x4 ./system/src/freertos/tasks.o
 .bss.xSuspendedTaskList
                0x20000168       0x14 ./system/src/freertos/tasks.o
 .bss.uxCurrentNumberOfTasks
                0x2000017c        0x4 ./system/src/freertos/tasks.o
 .bss.xTickCount
                0x20000180        0x4 ./system/src/freertos/tasks.o
 .bss.uxTopUsedPriority
                0x20000184        0x4 ./system/src/freertos/tasks.o
 .bss.uxTopReadyPriority
                0x20000188        0x4 ./system/src/freertos/tasks.o
 .bss.xSchedulerRunning
                0x2000018c        0x4 ./system/src/freertos/tasks.o
 .bss.uxSchedulerSuspended
                0x20000190        0x4 ./system/src/freertos/tasks.o
 .bss.uxMissedTicks
                0x20000194        0x4 ./system/src/freertos/tasks.o
 .bss.xMissedYield
                0x20000198        0x4 ./system/src/freertos/tasks.o
 .bss.xNumOfOverflows
                0x2000019c        0x4 ./system/src/freertos/tasks.o
 .bss.uxTaskNumber
                0x200001a0        0x4 ./system/src/freertos/tasks.o
 .bss.i         0x200001a4        0x4 ./src/main-freertos.o
                0x200001a4                i
 .bss.__malloc_sbrk_start
                0x200001a8        0x4 /home/chm/gcc-arm-none-eabi-4_8-2014q3/bin/../lib/gcc/arm-none-eabi/4.8.4/../../../../arm-none-eabi/lib/armv7-m/libg_s.a(lib_a-nano-mallocr.o)
                0x200001a8                __malloc_sbrk_start
 .bss.__malloc_free_list
                0x200001ac        0x4 /home/chm/gcc-arm-none-eabi-4_8-2014q3/bin/../lib/gcc/arm-none-eabi/4.8.4/../../../../arm-none-eabi/lib/armv7-m/libg_s.a(lib_a-nano-mallocr.o)
                0x200001ac                __malloc_free_list
 *(COMMON)
 COMMON         0x200001b0        0x4 ./system/src/newlib/_syscalls.o
                0x200001b0                errno
 COMMON         0x200001b4       0x50 ./src/main-freertos.o
                0x200001b4                str
 *(.bss_end .bss_end.*)
                0x20000204                . = ALIGN (0x4)
                0x20000204                __bss_end__ = .
                0x20000204                _ebss = .

.noinit         0x20000204        0x0
                0x20000204                . = ALIGN (0x4)
                0x20000204                _noinit = .
 *(.noinit .noinit.*)
                0x20000204                . = ALIGN (0x4)
                0x20000204                _end_noinit = .
                0x20000204                PROVIDE (end, _end_noinit)
                0x20000204                PROVIDE (_end, _end_noinit)
                0x20000204                PROVIDE (__end, _end_noinit)
                0x20000204                PROVIDE (__end__, _end_noinit)

._check_stack   0x20000204      0x100 load address 0x080024b4
                0x20000204                . = ALIGN (0x4)
                0x20000304                . = (. + _Minimum_Stack_Size)
 *fill*         0x20000204      0x100 
                0x20000304                . = ALIGN (0x4)

.bss_CCMRAM
 *(.bss.CCMRAM .bss.CCMRAM.*)

.b1text
 *(.b1text)
 *(.b1rodata)
 *(.b1rodata.*)

.eb0text
 *(.eb0text)
 *(.eb0rodata)
 *(.eb0rodata.*)

.eb1text
 *(.eb1text)
 *(.eb1rodata)
 *(.eb1rodata.*)

.eb2text
 *(.eb2text)
 *(.eb2rodata)
 *(.eb2rodata.*)

.eb3text
 *(.eb3text)
 *(.eb3rodata)
 *(.eb3rodata.*)

.stab
 *(.stab)

.stabstr
 *(.stabstr)

.stab.excl
 *(.stab.excl)

.stab.exclstr
 *(.stab.exclstr)

.stab.index
 *(.stab.index)

.stab.indexstr
 *(.stab.indexstr)

.comment        0x00000000       0x70
 *(.comment)
 .comment       0x00000000       0x70 ./system/src/stm32f1-stdperiph/misc.o
                                 0x71 (size before relaxing)
 .comment       0x00000000       0x71 ./system/src/stm32f1-stdperiph/stm32f10x_gpio.o
 .comment       0x00000000       0x71 ./system/src/stm32f1-stdperiph/stm32f10x_rcc.o
 .comment       0x00000000       0x71 ./system/src/newlib/_exit.o
 .comment       0x00000000       0x71 ./system/src/newlib/_sbrk.o
 .comment       0x00000000       0x71 ./system/src/newlib/_startup.o
 .comment       0x00000000       0x71 ./system/src/newlib/_syscalls.o
 .comment       0x00000000       0x71 ./system/src/freertos/list.o
 .comment       0x00000000       0x71 ./system/src/freertos/tasks.o
 .comment       0x00000000       0x71 ./system/src/cortexm/_initialize_hardware.o
 .comment       0x00000000       0x71 ./system/src/cortexm/_reset_hardware.o
 .comment       0x00000000       0x71 ./system/src/cortexm/exception_handlers.o
 .comment       0x00000000       0x71 ./system/src/CMSIS/system_stm32f10x.o
 .comment       0x00000000       0x71 ./system/src/CMSIS/vectors_stm32f10x.o
 .comment       0x00000000       0x71 ./system/include/freertos/portable/MemMang/heap_3.o
 .comment       0x00000000       0x71 ./system/include/freertos/portable/GCC/ARM_CM3/port.o
 .comment       0x00000000       0x71 ./src/helper.o
 .comment       0x00000000       0x71 ./src/main-freertos.o

.ARM.attributes
                0x00000000       0x33
 .ARM.attributes
                0x00000000       0x33 ./system/src/stm32f1-stdperiph/misc.o
 .ARM.attributes
                0x00000033       0x33 ./system/src/stm32f1-stdperiph/stm32f10x_gpio.o
 .ARM.attributes
                0x00000066       0x33 ./system/src/stm32f1-stdperiph/stm32f10x_rcc.o
 .ARM.attributes
                0x00000099       0x33 ./system/src/newlib/_exit.o
 .ARM.attributes
                0x000000cc       0x33 ./system/src/newlib/_sbrk.o
 .ARM.attributes
                0x000000ff       0x33 ./system/src/newlib/_startup.o
 .ARM.attributes
                0x00000132       0x33 ./system/src/newlib/_syscalls.o
 .ARM.attributes
                0x00000165       0x33 ./system/src/freertos/list.o
 .ARM.attributes
                0x00000198       0x33 ./system/src/freertos/tasks.o
 .ARM.attributes
                0x000001cb       0x33 ./system/src/cortexm/_initialize_hardware.o
 .ARM.attributes
                0x000001fe       0x33 ./system/src/cortexm/_reset_hardware.o
 .ARM.attributes
                0x00000231       0x33 ./system/src/cortexm/exception_handlers.o
 .ARM.attributes
                0x00000264       0x33 ./system/src/CMSIS/system_stm32f10x.o
 .ARM.attributes
                0x00000297       0x33 ./system/src/CMSIS/vectors_stm32f10x.o
 .ARM.attributes
                0x000002ca       0x33 ./system/include/freertos/portable/MemMang/heap_3.o
 .ARM.attributes
                0x000002fd       0x33 ./system/include/freertos/portable/GCC/ARM_CM3/port.o
 .ARM.attributes
                0x00000330       0x33 ./src/helper.o
 .ARM.attributes
                0x00000363       0x33 ./src/main-freertos.o
 .ARM.attributes
                0x00000396       0x2d /home/chm/gcc-arm-none-eabi-4_8-2014q3/bin/../lib/gcc/arm-none-eabi/4.8.4/../../../../arm-none-eabi/lib/armv7-m/libg_s.a(lib_a-errno.o)
 .ARM.attributes
                0x000003c3       0x2d /home/chm/gcc-arm-none-eabi-4_8-2014q3/bin/../lib/gcc/arm-none-eabi/4.8.4/../../../../arm-none-eabi/lib/armv7-m/libg_s.a(lib_a-impure.o)
 .ARM.attributes
                0x000003f0       0x2d /home/chm/gcc-arm-none-eabi-4_8-2014q3/bin/../lib/gcc/arm-none-eabi/4.8.4/../../../../arm-none-eabi/lib/armv7-m/libg_s.a(lib_a-malloc.o)
 .ARM.attributes
                0x0000041d       0x2d /home/chm/gcc-arm-none-eabi-4_8-2014q3/bin/../lib/gcc/arm-none-eabi/4.8.4/../../../../arm-none-eabi/lib/armv7-m/libg_s.a(lib_a-memcpy-stub.o)
 .ARM.attributes
                0x0000044a       0x2d /home/chm/gcc-arm-none-eabi-4_8-2014q3/bin/../lib/gcc/arm-none-eabi/4.8.4/../../../../arm-none-eabi/lib/armv7-m/libg_s.a(lib_a-memset.o)
 .ARM.attributes
                0x00000477       0x2d /home/chm/gcc-arm-none-eabi-4_8-2014q3/bin/../lib/gcc/arm-none-eabi/4.8.4/../../../../arm-none-eabi/lib/armv7-m/libg_s.a(lib_a-nano-freer.o)
 .ARM.attributes
                0x000004a4       0x2d /home/chm/gcc-arm-none-eabi-4_8-2014q3/bin/../lib/gcc/arm-none-eabi/4.8.4/../../../../arm-none-eabi/lib/armv7-m/libg_s.a(lib_a-nano-mallocr.o)
 .ARM.attributes
                0x000004d1       0x2d /home/chm/gcc-arm-none-eabi-4_8-2014q3/bin/../lib/gcc/arm-none-eabi/4.8.4/../../../../arm-none-eabi/lib/armv7-m/libg_s.a(lib_a-sbrkr.o)
 .ARM.attributes
                0x000004fe       0x2d /home/chm/gcc-arm-none-eabi-4_8-2014q3/bin/../lib/gcc/arm-none-eabi/4.8.4/../../../../arm-none-eabi/lib/armv7-m/libg_s.a(lib_a-sprintf.o)
 .ARM.attributes
                0x0000052b       0x2d /home/chm/gcc-arm-none-eabi-4_8-2014q3/bin/../lib/gcc/arm-none-eabi/4.8.4/../../../../arm-none-eabi/lib/armv7-m/libg_s.a(lib_a-strncpy.o)
 .ARM.attributes
                0x00000558       0x2d /home/chm/gcc-arm-none-eabi-4_8-2014q3/bin/../lib/gcc/arm-none-eabi/4.8.4/../../../../arm-none-eabi/lib/armv7-m/libg_s.a(lib_a-svfprintf.o)
 .ARM.attributes
                0x00000585       0x2d /home/chm/gcc-arm-none-eabi-4_8-2014q3/bin/../lib/gcc/arm-none-eabi/4.8.4/../../../../arm-none-eabi/lib/armv7-m/libg_s.a(lib_a-vfprintf_i.o)
 .ARM.attributes
                0x000005b2       0x2d /home/chm/gcc-arm-none-eabi-4_8-2014q3/bin/../lib/gcc/arm-none-eabi/4.8.4/../../../../arm-none-eabi/lib/armv7-m/libg_s.a(lib_a-memchr-stub.o)
 .ARM.attributes
                0x000005df       0x2d /home/chm/gcc-arm-none-eabi-4_8-2014q3/bin/../lib/gcc/arm-none-eabi/4.8.4/../../../../arm-none-eabi/lib/armv7-m/libg_s.a(lib_a-memmove.o)
 .ARM.attributes
                0x0000060c       0x2d /home/chm/gcc-arm-none-eabi-4_8-2014q3/bin/../lib/gcc/arm-none-eabi/4.8.4/../../../../arm-none-eabi/lib/armv7-m/libg_s.a(lib_a-nano-reallocr.o)
 .ARM.attributes
                0x00000639       0x2d /home/chm/gcc-arm-none-eabi-4_8-2014q3/bin/../lib/gcc/arm-none-eabi/4.8.4/../../../../arm-none-eabi/lib/armv7-m/libg_s.a(lib_a-strlen.o)
 .ARM.attributes
                0x00000666       0x2d /home/chm/gcc-arm-none-eabi-4_8-2014q3/bin/../lib/gcc/arm-none-eabi/4.8.4/../../../../arm-none-eabi/lib/armv7-m/libg_s.a(lib_a-nano-msizer.o)

.debug
 *(.debug)

.line
 *(.line)

.debug_srcinfo
 *(.debug_srcinfo)

.debug_sfnames
 *(.debug_sfnames)

.debug_aranges  0x00000000      0x7c8
 *(.debug_aranges)
 .debug_aranges
                0x00000000       0x40 ./system/src/stm32f1-stdperiph/misc.o
 .debug_aranges
                0x00000040       0xa8 ./system/src/stm32f1-stdperiph/stm32f10x_gpio.o
 .debug_aranges
                0x000000e8      0x118 ./system/src/stm32f1-stdperiph/stm32f10x_rcc.o
 .debug_aranges
                0x00000200       0x28 ./system/src/newlib/_exit.o
 .debug_aranges
                0x00000228       0x20 ./system/src/newlib/_sbrk.o
 .debug_aranges
                0x00000248       0x40 ./system/src/newlib/_startup.o
 .debug_aranges
                0x00000288       0xd0 ./system/src/newlib/_syscalls.o
 .debug_aranges
                0x00000358       0x40 ./system/src/freertos/list.o
 .debug_aranges
                0x00000398      0x128 ./system/src/freertos/tasks.o
 .debug_aranges
                0x000004c0       0x28 ./system/src/cortexm/_initialize_hardware.o
 .debug_aranges
                0x000004e8       0x28 ./system/src/cortexm/_reset_hardware.o
 .debug_aranges
                0x00000510       0x68 ./system/src/cortexm/exception_handlers.o
 .debug_aranges
                0x00000578       0x38 ./system/src/CMSIS/system_stm32f10x.o
 .debug_aranges
                0x000005b0       0x20 ./system/src/CMSIS/vectors_stm32f10x.o
 .debug_aranges
                0x000005d0       0x28 ./system/include/freertos/portable/MemMang/heap_3.o
 .debug_aranges
                0x000005f8       0x70 ./system/include/freertos/portable/GCC/ARM_CM3/port.o
 .debug_aranges
                0x00000668      0x138 ./src/helper.o
 .debug_aranges
                0x000007a0       0x28 ./src/main-freertos.o

.debug_pubnames
 *(.debug_pubnames)

.debug_info     0x00000000     0x4c4f
 *(.debug_info .gnu.linkonce.wi.*)
 .debug_info    0x00000000      0x545 ./system/src/stm32f1-stdperiph/misc.o
 .debug_info    0x00000545      0x6ef ./system/src/stm32f1-stdperiph/stm32f10x_gpio.o
 .debug_info    0x00000c34      0x895 ./system/src/stm32f1-stdperiph/stm32f10x_rcc.o
 .debug_info    0x000014c9       0xdf ./system/src/newlib/_exit.o
 .debug_info    0x000015a8      0x109 ./system/src/newlib/_sbrk.o
 .debug_info    0x000016b1      0x380 ./system/src/newlib/_startup.o
 .debug_info    0x00001a31      0x7f1 ./system/src/newlib/_syscalls.o
 .debug_info    0x00002222      0x28e ./system/src/freertos/list.o
 .debug_info    0x000024b0      0xcc7 ./system/src/freertos/tasks.o
 .debug_info    0x00003177       0xc0 ./system/src/cortexm/_initialize_hardware.o
 .debug_info    0x00003237      0x2af ./system/src/cortexm/_reset_hardware.o
 .debug_info    0x000034e6       0xd4 ./system/src/cortexm/exception_handlers.o
 .debug_info    0x000035ba      0x481 ./system/src/CMSIS/system_stm32f10x.o
 .debug_info    0x00003a3b       0x92 ./system/src/CMSIS/vectors_stm32f10x.o
 .debug_info    0x00003acd       0xe7 ./system/include/freertos/portable/MemMang/heap_3.o
 .debug_info    0x00003bb4      0x1c7 ./system/include/freertos/portable/GCC/ARM_CM3/port.o
 .debug_info    0x00003d7b      0xdb2 ./src/helper.o
 .debug_info    0x00004b2d      0x122 ./src/main-freertos.o

.debug_abbrev   0x00000000     0x12fd
 *(.debug_abbrev)
 .debug_abbrev  0x00000000      0x14a ./system/src/stm32f1-stdperiph/misc.o
 .debug_abbrev  0x0000014a      0x1cd ./system/src/stm32f1-stdperiph/stm32f10x_gpio.o
 .debug_abbrev  0x00000317      0x1bf ./system/src/stm32f1-stdperiph/stm32f10x_rcc.o
 .debug_abbrev  0x000004d6       0xa0 ./system/src/newlib/_exit.o
 .debug_abbrev  0x00000576       0x8e ./system/src/newlib/_sbrk.o
 .debug_abbrev  0x00000604      0x12f ./system/src/newlib/_startup.o
 .debug_abbrev  0x00000733      0x165 ./system/src/newlib/_syscalls.o
 .debug_abbrev  0x00000898       0xbf ./system/src/freertos/list.o
 .debug_abbrev  0x00000957      0x1d2 ./system/src/freertos/tasks.o
 .debug_abbrev  0x00000b29       0x6a ./system/src/cortexm/_initialize_hardware.o
 .debug_abbrev  0x00000b93       0xf1 ./system/src/cortexm/_reset_hardware.o
 .debug_abbrev  0x00000c84       0x2f ./system/src/cortexm/exception_handlers.o
 .debug_abbrev  0x00000cb3      0x151 ./system/src/CMSIS/system_stm32f10x.o
 .debug_abbrev  0x00000e04       0x92 ./system/src/CMSIS/vectors_stm32f10x.o
 .debug_abbrev  0x00000e96       0xa2 ./system/include/freertos/portable/MemMang/heap_3.o
 .debug_abbrev  0x00000f38      0x133 ./system/include/freertos/portable/GCC/ARM_CM3/port.o
 .debug_abbrev  0x0000106b      0x1c0 ./src/helper.o
 .debug_abbrev  0x0000122b       0xd2 ./src/main-freertos.o

.debug_line     0x00000000     0x3bd5
 *(.debug_line)
 .debug_line    0x00000000      0x2df ./system/src/stm32f1-stdperiph/misc.o
 .debug_line    0x000002df      0x448 ./system/src/stm32f1-stdperiph/stm32f10x_gpio.o
 .debug_line    0x00000727      0x557 ./system/src/stm32f1-stdperiph/stm32f10x_rcc.o
 .debug_line    0x00000c7e      0x269 ./system/src/newlib/_exit.o
 .debug_line    0x00000ee7      0x21c ./system/src/newlib/_sbrk.o
 .debug_line    0x00001103      0x2c5 ./system/src/newlib/_startup.o
 .debug_line    0x000013c8      0x48d ./system/src/newlib/_syscalls.o
 .debug_line    0x00001855      0x33d ./system/src/freertos/list.o
 .debug_line    0x00001b92      0x899 ./system/src/freertos/tasks.o
 .debug_line    0x0000242b      0x2a6 ./system/src/cortexm/_initialize_hardware.o
 .debug_line    0x000026d1      0x2bc ./system/src/cortexm/_reset_hardware.o
 .debug_line    0x0000298d       0xc3 ./system/src/cortexm/exception_handlers.o
 .debug_line    0x00002a50      0x308 ./system/src/CMSIS/system_stm32f10x.o
 .debug_line    0x00002d58       0x8e ./system/src/CMSIS/vectors_stm32f10x.o
 .debug_line    0x00002de6      0x306 ./system/include/freertos/portable/MemMang/heap_3.o
 .debug_line    0x000030ec      0x221 ./system/include/freertos/portable/GCC/ARM_CM3/port.o
 .debug_line    0x0000330d      0x61f ./src/helper.o
 .debug_line    0x0000392c      0x2a9 ./src/main-freertos.o

.debug_frame    0x00000000     0x1a40
 *(.debug_frame)
 .debug_frame   0x00000000       0x9c ./system/src/stm32f1-stdperiph/misc.o
 .debug_frame   0x0000009c      0x210 ./system/src/stm32f1-stdperiph/stm32f10x_gpio.o
 .debug_frame   0x000002ac      0x388 ./system/src/stm32f1-stdperiph/stm32f10x_rcc.o
 .debug_frame   0x00000634       0x50 ./system/src/newlib/_exit.o
 .debug_frame   0x00000684       0x30 ./system/src/newlib/_sbrk.o
 .debug_frame   0x000006b4       0xa8 ./system/src/newlib/_startup.o
 .debug_frame   0x0000075c      0x2e4 ./system/src/newlib/_syscalls.o
 .debug_frame   0x00000a40       0x9c ./system/src/freertos/list.o
 .debug_frame   0x00000adc      0x420 ./system/src/freertos/tasks.o
 .debug_frame   0x00000efc       0x48 ./system/src/cortexm/_initialize_hardware.o
 .debug_frame   0x00000f44       0x44 ./system/src/cortexm/_reset_hardware.o
 .debug_frame   0x00000f88       0xf8 ./system/src/cortexm/exception_handlers.o
 .debug_frame   0x00001080       0x80 ./system/src/CMSIS/system_stm32f10x.o
 .debug_frame   0x00001100       0x28 ./system/src/CMSIS/vectors_stm32f10x.o
 .debug_frame   0x00001128       0x50 ./system/include/freertos/portable/MemMang/heap_3.o
 .debug_frame   0x00001178      0x110 ./system/include/freertos/portable/GCC/ARM_CM3/port.o
 .debug_frame   0x00001288      0x420 ./src/helper.o
 .debug_frame   0x000016a8       0x50 ./src/main-freertos.o
 .debug_frame   0x000016f8       0x20 /home/chm/gcc-arm-none-eabi-4_8-2014q3/bin/../lib/gcc/arm-none-eabi/4.8.4/../../../../arm-none-eabi/lib/armv7-m/libg_s.a(lib_a-errno.o)
 .debug_frame   0x00001718       0x30 /home/chm/gcc-arm-none-eabi-4_8-2014q3/bin/../lib/gcc/arm-none-eabi/4.8.4/../../../../arm-none-eabi/lib/armv7-m/libg_s.a(lib_a-malloc.o)
 .debug_frame   0x00001748       0x28 /home/chm/gcc-arm-none-eabi-4_8-2014q3/bin/../lib/gcc/arm-none-eabi/4.8.4/../../../../arm-none-eabi/lib/armv7-m/libg_s.a(lib_a-memcpy-stub.o)
 .debug_frame   0x00001770       0x20 /home/chm/gcc-arm-none-eabi-4_8-2014q3/bin/../lib/gcc/arm-none-eabi/4.8.4/../../../../arm-none-eabi/lib/armv7-m/libg_s.a(lib_a-memset.o)
 .debug_frame   0x00001790       0x2c /home/chm/gcc-arm-none-eabi-4_8-2014q3/bin/../lib/gcc/arm-none-eabi/4.8.4/../../../../arm-none-eabi/lib/armv7-m/libg_s.a(lib_a-nano-freer.o)
 .debug_frame   0x000017bc       0x2c /home/chm/gcc-arm-none-eabi-4_8-2014q3/bin/../lib/gcc/arm-none-eabi/4.8.4/../../../../arm-none-eabi/lib/armv7-m/libg_s.a(lib_a-nano-mallocr.o)
 .debug_frame   0x000017e8       0x2c /home/chm/gcc-arm-none-eabi-4_8-2014q3/bin/../lib/gcc/arm-none-eabi/4.8.4/../../../../arm-none-eabi/lib/armv7-m/libg_s.a(lib_a-sbrkr.o)
 .debug_frame   0x00001814       0x58 /home/chm/gcc-arm-none-eabi-4_8-2014q3/bin/../lib/gcc/arm-none-eabi/4.8.4/../../../../arm-none-eabi/lib/armv7-m/libg_s.a(lib_a-sprintf.o)
 .debug_frame   0x0000186c       0x28 /home/chm/gcc-arm-none-eabi-4_8-2014q3/bin/../lib/gcc/arm-none-eabi/4.8.4/../../../../arm-none-eabi/lib/armv7-m/libg_s.a(lib_a-strncpy.o)
 .debug_frame   0x00001894       0x88 /home/chm/gcc-arm-none-eabi-4_8-2014q3/bin/../lib/gcc/arm-none-eabi/4.8.4/../../../../arm-none-eabi/lib/armv7-m/libg_s.a(lib_a-svfprintf.o)
 .debug_frame   0x0000191c       0x60 /home/chm/gcc-arm-none-eabi-4_8-2014q3/bin/../lib/gcc/arm-none-eabi/4.8.4/../../../../arm-none-eabi/lib/armv7-m/libg_s.a(lib_a-vfprintf_i.o)
 .debug_frame   0x0000197c       0x28 /home/chm/gcc-arm-none-eabi-4_8-2014q3/bin/../lib/gcc/arm-none-eabi/4.8.4/../../../../arm-none-eabi/lib/armv7-m/libg_s.a(lib_a-memchr-stub.o)
 .debug_frame   0x000019a4       0x2c /home/chm/gcc-arm-none-eabi-4_8-2014q3/bin/../lib/gcc/arm-none-eabi/4.8.4/../../../../arm-none-eabi/lib/armv7-m/libg_s.a(lib_a-memmove.o)
 .debug_frame   0x000019d0       0x30 /home/chm/gcc-arm-none-eabi-4_8-2014q3/bin/../lib/gcc/arm-none-eabi/4.8.4/../../../../arm-none-eabi/lib/armv7-m/libg_s.a(lib_a-nano-reallocr.o)
 .debug_frame   0x00001a00       0x20 /home/chm/gcc-arm-none-eabi-4_8-2014q3/bin/../lib/gcc/arm-none-eabi/4.8.4/../../../../arm-none-eabi/lib/armv7-m/libg_s.a(lib_a-strlen.o)
 .debug_frame   0x00001a20       0x20 /home/chm/gcc-arm-none-eabi-4_8-2014q3/bin/../lib/gcc/arm-none-eabi/4.8.4/../../../../arm-none-eabi/lib/armv7-m/libg_s.a(lib_a-nano-msizer.o)

.debug_str      0x00000000    0x42a04
 *(.debug_str)
 .debug_str     0x00000000    0x36129 ./system/src/stm32f1-stdperiph/misc.o
                              0x36287 (size before relaxing)
 .debug_str     0x00036129     0x2488 ./system/src/stm32f1-stdperiph/stm32f10x_gpio.o
                              0x38020 (size before relaxing)
 .debug_str     0x000385b1      0xb67 ./system/src/stm32f1-stdperiph/stm32f10x_rcc.o
                              0x38606 (size before relaxing)
 .debug_str     0x00039118     0x2803 ./system/src/newlib/_exit.o
                               0x4e85 (size before relaxing)
 .debug_str     0x0003b91b      0x4d6 ./system/src/newlib/_sbrk.o
                               0x4433 (size before relaxing)
 .debug_str     0x0003bdf1      0x150 ./system/src/newlib/_startup.o
                               0x3d95 (size before relaxing)
 .debug_str     0x0003bf41      0xe60 ./system/src/newlib/_syscalls.o
                               0x52f2 (size before relaxing)
 .debug_str     0x0003cda1     0x194d ./system/src/freertos/list.o
                               0x5604 (size before relaxing)
 .debug_str     0x0003e6ee     0x2b03 ./system/src/freertos/tasks.o
                               0x8451 (size before relaxing)
 .debug_str     0x000411f1       0x78 ./system/src/cortexm/_initialize_hardware.o
                              0x35baf (size before relaxing)
 .debug_str     0x00041269       0x50 ./system/src/cortexm/_reset_hardware.o
                              0x35c24 (size before relaxing)
 .debug_str     0x000412b9       0xbd ./system/src/cortexm/exception_handlers.o
                               0x24c0 (size before relaxing)
 .debug_str     0x00041376       0xc7 ./system/src/CMSIS/system_stm32f10x.o
                              0x35d19 (size before relaxing)
 .debug_str     0x0004143d       0x57 ./system/src/CMSIS/vectors_stm32f10x.o
                               0x2464 (size before relaxing)
 .debug_str     0x00041494       0x61 ./system/include/freertos/portable/MemMang/heap_3.o
                               0x588f (size before relaxing)
 .debug_str     0x000414f5      0x34e ./system/include/freertos/portable/GCC/ARM_CM3/port.o
                               0x461a (size before relaxing)
 .debug_str     0x00041843     0x118e ./src/helper.o
                              0x392f5 (size before relaxing)
 .debug_str     0x000429d1       0x33 ./src/main-freertos.o
                               0x4d4e (size before relaxing)

.debug_loc
 *(.debug_loc)

.debug_macinfo
 *(.debug_macinfo)

.debug_weaknames
 *(.debug_weaknames)

.debug_funcnames
 *(.debug_funcnames)

.debug_typenames
 *(.debug_typenames)

.debug_varnames
 *(.debug_varnames)
OUTPUT(blink-simple.elf elf32-littlearm)

.debug_ranges   0x00000000      0x6a8
 .debug_ranges  0x00000000       0x30 ./system/src/stm32f1-stdperiph/misc.o
 .debug_ranges  0x00000030       0x98 ./system/src/stm32f1-stdperiph/stm32f10x_gpio.o
 .debug_ranges  0x000000c8      0x108 ./system/src/stm32f1-stdperiph/stm32f10x_rcc.o
 .debug_ranges  0x000001d0       0x18 ./system/src/newlib/_exit.o
 .debug_ranges  0x000001e8       0x10 ./system/src/newlib/_sbrk.o
 .debug_ranges  0x000001f8       0x30 ./system/src/newlib/_startup.o
 .debug_ranges  0x00000228       0xc0 ./system/src/newlib/_syscalls.o
 .debug_ranges  0x000002e8       0x30 ./system/src/freertos/list.o
 .debug_ranges  0x00000318      0x118 ./system/src/freertos/tasks.o
 .debug_ranges  0x00000430       0x18 ./system/src/cortexm/_initialize_hardware.o
 .debug_ranges  0x00000448       0x18 ./system/src/cortexm/_reset_hardware.o
 .debug_ranges  0x00000460       0x58 ./system/src/cortexm/exception_handlers.o
 .debug_ranges  0x000004b8       0x28 ./system/src/CMSIS/system_stm32f10x.o
 .debug_ranges  0x000004e0       0x10 ./system/src/CMSIS/vectors_stm32f10x.o
 .debug_ranges  0x000004f0       0x18 ./system/include/freertos/portable/MemMang/heap_3.o
 .debug_ranges  0x00000508       0x60 ./system/include/freertos/portable/GCC/ARM_CM3/port.o
 .debug_ranges  0x00000568      0x128 ./src/helper.o
 .debug_ranges  0x00000690       0x18 ./src/main-freertos.o

.debug_macro    0x00000000     0xc494
 .debug_macro   0x00000000       0xc7 ./system/src/stm32f1-stdperiph/misc.o
 .debug_macro   0x000000c7      0x850 ./system/src/stm32f1-stdperiph/misc.o
 .debug_macro   0x00000917       0x56 ./system/src/stm32f1-stdperiph/misc.o
 .debug_macro   0x0000096d       0x3a ./system/src/stm32f1-stdperiph/misc.o
 .debug_macro   0x000009a7       0x16 ./system/src/stm32f1-stdperiph/misc.o
 .debug_macro   0x000009bd       0x44 ./system/src/stm32f1-stdperiph/misc.o
 .debug_macro   0x00000a01      0x209 ./system/src/stm32f1-stdperiph/misc.o
 .debug_macro   0x00000c0a       0x2d ./system/src/stm32f1-stdperiph/misc.o
 .debug_macro   0x00000c37      0xa8b ./system/src/stm32f1-stdperiph/misc.o
 .debug_macro   0x000016c2     0x7dbe ./system/src/stm32f1-stdperiph/misc.o
 .debug_macro   0x00009480      0x2a6 ./system/src/stm32f1-stdperiph/misc.o
 .debug_macro   0x00009726      0x222 ./system/src/stm32f1-stdperiph/misc.o
 .debug_macro   0x00009948       0x35 ./system/src/stm32f1-stdperiph/misc.o
 .debug_macro   0x0000997d       0x85 ./system/src/stm32f1-stdperiph/misc.o
 .debug_macro   0x00009a02      0x113 ./system/src/stm32f1-stdperiph/stm32f10x_gpio.o
 .debug_macro   0x00009b15      0x21c ./system/src/stm32f1-stdperiph/stm32f10x_gpio.o
 .debug_macro   0x00009d31      0x3e2 ./system/src/stm32f1-stdperiph/stm32f10x_gpio.o
 .debug_macro   0x0000a113      0x1dd ./system/src/stm32f1-stdperiph/stm32f10x_rcc.o
 .debug_macro   0x0000a2f0      0x3dc ./system/src/stm32f1-stdperiph/stm32f10x_rcc.o
 .debug_macro   0x0000a6cc      0x11b ./system/src/newlib/_exit.o
 .debug_macro   0x0000a7e7       0xa3 ./system/src/newlib/_exit.o
 .debug_macro   0x0000a88a      0x10e ./system/src/newlib/_exit.o
 .debug_macro   0x0000a998       0x86 ./system/src/newlib/_exit.o
 .debug_macro   0x0000aa1e       0x43 ./system/src/newlib/_exit.o
 .debug_macro   0x0000aa61       0x10 ./system/src/newlib/_exit.o
 .debug_macro   0x0000aa71       0x35 ./system/src/newlib/_exit.o
 .debug_macro   0x0000aaa6       0xd1 ./system/src/newlib/_sbrk.o
 .debug_macro   0x0000ab77       0x19 ./system/src/newlib/_sbrk.o
 .debug_macro   0x0000ab90      0x16d ./system/src/newlib/_sbrk.o
 .debug_macro   0x0000acfd       0x10 ./system/src/newlib/_sbrk.o
 .debug_macro   0x0000ad0d      0x23b ./system/src/newlib/_sbrk.o
 .debug_macro   0x0000af48       0xcb ./system/src/newlib/_startup.o
 .debug_macro   0x0000b013      0x169 ./system/src/newlib/_syscalls.o
 .debug_macro   0x0000b17c       0x1c ./system/src/newlib/_syscalls.o
 .debug_macro   0x0000b198       0x10 ./system/src/newlib/_syscalls.o
 .debug_macro   0x0000b1a8       0x10 ./system/src/newlib/_syscalls.o
 .debug_macro   0x0000b1b8       0x10 ./system/src/newlib/_syscalls.o
 .debug_macro   0x0000b1c8       0x35 ./system/src/newlib/_syscalls.o
 .debug_macro   0x0000b1fd      0x120 ./system/src/newlib/_syscalls.o
 .debug_macro   0x0000b31d       0x22 ./system/src/newlib/_syscalls.o
 .debug_macro   0x0000b33f       0x2b ./system/src/newlib/_syscalls.o
 .debug_macro   0x0000b36a      0x118 ./system/src/newlib/_syscalls.o
 .debug_macro   0x0000b482      0x13a ./system/src/newlib/_syscalls.o
 .debug_macro   0x0000b5bc       0x16 ./system/src/newlib/_syscalls.o
 .debug_macro   0x0000b5d2      0x120 ./system/src/freertos/list.o
 .debug_macro   0x0000b6f2      0x21a ./system/src/freertos/tasks.o
 .debug_macro   0x0000b90c       0x16 ./system/src/freertos/tasks.o
 .debug_macro   0x0000b922       0x97 ./system/src/freertos/tasks.o
 .debug_macro   0x0000b9b9       0x10 ./system/src/freertos/tasks.o
 .debug_macro   0x0000b9c9       0xf6 ./system/src/freertos/tasks.o
 .debug_macro   0x0000babf       0x16 ./system/src/freertos/tasks.o
 .debug_macro   0x0000bad5      0x16c ./system/src/freertos/tasks.o
 .debug_macro   0x0000bc41       0x5b ./system/src/freertos/tasks.o
 .debug_macro   0x0000bc9c       0x16 ./system/src/freertos/tasks.o
 .debug_macro   0x0000bcb2       0xbc ./system/src/cortexm/_initialize_hardware.o
 .debug_macro   0x0000bd6e       0xbc ./system/src/cortexm/_reset_hardware.o
 .debug_macro   0x0000be2a       0x1b ./system/src/cortexm/exception_handlers.o
 .debug_macro   0x0000be45       0xbf ./system/src/CMSIS/system_stm32f10x.o
 .debug_macro   0x0000bf04       0x1b ./system/src/CMSIS/vectors_stm32f10x.o
 .debug_macro   0x0000bf1f      0x13b ./system/include/freertos/portable/MemMang/heap_3.o
 .debug_macro   0x0000c05a       0xb8 ./system/include/freertos/portable/GCC/ARM_CM3/port.o
 .debug_macro   0x0000c112       0xf1 ./src/helper.o
 .debug_macro   0x0000c203       0x9d ./src/helper.o
 .debug_macro   0x0000c2a0       0x8b ./src/helper.o
 .debug_macro   0x0000c32b       0xb8 ./src/helper.o
 .debug_macro   0x0000c3e3       0xb1 ./src/main-freertos.o
