Archive member included because of file (symbol)

/home/chm/gcc-arm-none-eabi-4_8-2014q3/bin/../lib/gcc/arm-none-eabi/4.8.4/../../../../arm-none-eabi/lib/armv7-m/libg_s.a(lib_a-errno.o)
                              ./system/src/newlib/_sbrk.o (__errno)
/home/chm/gcc-arm-none-eabi-4_8-2014q3/bin/../lib/gcc/arm-none-eabi/4.8.4/../../../../arm-none-eabi/lib/armv7-m/libg_s.a(lib_a-impure.o)
                              /home/chm/gcc-arm-none-eabi-4_8-2014q3/bin/../lib/gcc/arm-none-eabi/4.8.4/../../../../arm-none-eabi/lib/armv7-m/libg_s.a(lib_a-errno.o) (_impure_ptr)
/home/chm/gcc-arm-none-eabi-4_8-2014q3/bin/../lib/gcc/arm-none-eabi/4.8.4/../../../../arm-none-eabi/lib/armv7-m/libg_s.a(lib_a-malloc.o)
                              ./system/include/freertos/portable/MemMang/heap_3.o (malloc)
/home/chm/gcc-arm-none-eabi-4_8-2014q3/bin/../lib/gcc/arm-none-eabi/4.8.4/../../../../arm-none-eabi/lib/armv7-m/libg_s.a(lib_a-memcpy-stub.o)
                              ./system/src/freertos/queue.o (memcpy)
/home/chm/gcc-arm-none-eabi-4_8-2014q3/bin/../lib/gcc/arm-none-eabi/4.8.4/../../../../arm-none-eabi/lib/armv7-m/libg_s.a(lib_a-memset.o)
                              ./system/src/freertos/tasks.o (memset)
/home/chm/gcc-arm-none-eabi-4_8-2014q3/bin/../lib/gcc/arm-none-eabi/4.8.4/../../../../arm-none-eabi/lib/armv7-m/libg_s.a(lib_a-nano-freer.o)
                              /home/chm/gcc-arm-none-eabi-4_8-2014q3/bin/../lib/gcc/arm-none-eabi/4.8.4/../../../../arm-none-eabi/lib/armv7-m/libg_s.a(lib_a-malloc.o) (_free_r)
/home/chm/gcc-arm-none-eabi-4_8-2014q3/bin/../lib/gcc/arm-none-eabi/4.8.4/../../../../arm-none-eabi/lib/armv7-m/libg_s.a(lib_a-nano-mallocr.o)
                              /home/chm/gcc-arm-none-eabi-4_8-2014q3/bin/../lib/gcc/arm-none-eabi/4.8.4/../../../../arm-none-eabi/lib/armv7-m/libg_s.a(lib_a-malloc.o) (_malloc_r)
/home/chm/gcc-arm-none-eabi-4_8-2014q3/bin/../lib/gcc/arm-none-eabi/4.8.4/../../../../arm-none-eabi/lib/armv7-m/libg_s.a(lib_a-sbrkr.o)
                              /home/chm/gcc-arm-none-eabi-4_8-2014q3/bin/../lib/gcc/arm-none-eabi/4.8.4/../../../../arm-none-eabi/lib/armv7-m/libg_s.a(lib_a-nano-mallocr.o) (_sbrk_r)
/home/chm/gcc-arm-none-eabi-4_8-2014q3/bin/../lib/gcc/arm-none-eabi/4.8.4/../../../../arm-none-eabi/lib/armv7-m/libg_s.a(lib_a-strlen.o)
                              ./system/src/diag/Trace.o (strlen)
/home/chm/gcc-arm-none-eabi-4_8-2014q3/bin/../lib/gcc/arm-none-eabi/4.8.4/../../../../arm-none-eabi/lib/armv7-m/libg_s.a(lib_a-strncpy.o)
                              ./system/src/freertos/tasks.o (strncpy)
/home/chm/gcc-arm-none-eabi-4_8-2014q3/bin/../lib/gcc/arm-none-eabi/4.8.4/../../../../arm-none-eabi/lib/armv7-m/libg_s.a(lib_a-vsnprintf.o)
                              ./system/src/diag/Trace.o (vsnprintf)
/home/chm/gcc-arm-none-eabi-4_8-2014q3/bin/../lib/gcc/arm-none-eabi/4.8.4/../../../../arm-none-eabi/lib/armv7-m/libg_s.a(lib_a-svfprintf.o)
                              /home/chm/gcc-arm-none-eabi-4_8-2014q3/bin/../lib/gcc/arm-none-eabi/4.8.4/../../../../arm-none-eabi/lib/armv7-m/libg_s.a(lib_a-vsnprintf.o) (_svfprintf_r)
/home/chm/gcc-arm-none-eabi-4_8-2014q3/bin/../lib/gcc/arm-none-eabi/4.8.4/../../../../arm-none-eabi/lib/armv7-m/libg_s.a(lib_a-vfprintf_i.o)
                              /home/chm/gcc-arm-none-eabi-4_8-2014q3/bin/../lib/gcc/arm-none-eabi/4.8.4/../../../../arm-none-eabi/lib/armv7-m/libg_s.a(lib_a-svfprintf.o) (_printf_i)
/home/chm/gcc-arm-none-eabi-4_8-2014q3/bin/../lib/gcc/arm-none-eabi/4.8.4/../../../../arm-none-eabi/lib/armv7-m/libg_s.a(lib_a-memchr-stub.o)
                              /home/chm/gcc-arm-none-eabi-4_8-2014q3/bin/../lib/gcc/arm-none-eabi/4.8.4/../../../../arm-none-eabi/lib/armv7-m/libg_s.a(lib_a-svfprintf.o) (memchr)
/home/chm/gcc-arm-none-eabi-4_8-2014q3/bin/../lib/gcc/arm-none-eabi/4.8.4/../../../../arm-none-eabi/lib/armv7-m/libg_s.a(lib_a-memmove.o)
                              /home/chm/gcc-arm-none-eabi-4_8-2014q3/bin/../lib/gcc/arm-none-eabi/4.8.4/../../../../arm-none-eabi/lib/armv7-m/libg_s.a(lib_a-svfprintf.o) (memmove)
/home/chm/gcc-arm-none-eabi-4_8-2014q3/bin/../lib/gcc/arm-none-eabi/4.8.4/../../../../arm-none-eabi/lib/armv7-m/libg_s.a(lib_a-nano-reallocr.o)
                              /home/chm/gcc-arm-none-eabi-4_8-2014q3/bin/../lib/gcc/arm-none-eabi/4.8.4/../../../../arm-none-eabi/lib/armv7-m/libg_s.a(lib_a-svfprintf.o) (_realloc_r)
/home/chm/gcc-arm-none-eabi-4_8-2014q3/bin/../lib/gcc/arm-none-eabi/4.8.4/../../../../arm-none-eabi/lib/armv7-m/libg_s.a(lib_a-nano-msizer.o)
                              /home/chm/gcc-arm-none-eabi-4_8-2014q3/bin/../lib/gcc/arm-none-eabi/4.8.4/../../../../arm-none-eabi/lib/armv7-m/libg_s.a(lib_a-nano-reallocr.o) (_malloc_usable_size_r)

Allocating common symbols
Common symbol       size              file

errno               0x4               ./system/src/newlib/_syscalls.o

Discarded input sections

 .group         0x00000000        0x8 ./system/src/stm32f1-stdperiph/misc.o
[...]
Memory Configuration

Name             Origin             Length             Attributes
RAM              0x20000000         0x00005000         xrw
FLASH            0x00000000         0x00020000         xr
CCMRAM           0x00000000         0x00000000         xrw
FLASHB1          0x00000000         0x00000000         xr
EXTMEMB0         0x00000000         0x00000000         xr
EXTMEMB1         0x00000000         0x00000000         xr
EXTMEMB2         0x00000000         0x00000000         xr
EXTMEMB3         0x00000000         0x00000000         xr
MEMORY_ARRAY     0x00000000         0x00000000         xrw
*default*        0x00000000         0xffffffff

Linker script and memory map

LOAD ./system/src/stm32f1-stdperiph/misc.o
LOAD ./system/src/stm32f1-stdperiph/stm32f10x_gpio.o
LOAD ./system/src/stm32f1-stdperiph/stm32f10x_rcc.o
LOAD ./system/src/newlib/_cxx.o
LOAD ./system/src/newlib/_exit.o
LOAD ./system/src/newlib/_sbrk.o
LOAD ./system/src/newlib/_startup.o
LOAD ./system/src/newlib/_syscalls.o
LOAD ./system/src/newlib/_write.o
LOAD ./system/src/newlib/assert.o
LOAD ./system/src/freertos/croutine.o
LOAD ./system/src/freertos/list.o
LOAD ./system/src/freertos/queue.o
LOAD ./system/src/freertos/tasks.o
LOAD ./system/src/freertos/timers.o
LOAD ./system/src/diag/Trace.o
LOAD ./system/src/diag/trace_impl.o
LOAD ./system/src/cortexm/_initialize_hardware.o
LOAD ./system/src/cortexm/_reset_hardware.o
LOAD ./system/src/cortexm/exception_handlers.o
LOAD ./system/src/CMSIS/system_stm32f10x.o
LOAD ./system/src/CMSIS/vectors_stm32f10x.o
LOAD ./system/include/freertos/portable/MemMang/heap_3.o
LOAD ./system/include/freertos/portable/GCC/ARM_CM3/port.o
LOAD ./src/helper.o
LOAD ./src/main.o
LOAD /home/chm/gcc-arm-none-eabi-4_8-2014q3/bin/../lib/gcc/arm-none-eabi/4.8.4/../../../../arm-none-eabi/lib/armv7-m/libstdc++_s.a
LOAD /home/chm/gcc-arm-none-eabi-4_8-2014q3/bin/../lib/gcc/arm-none-eabi/4.8.4/../../../../arm-none-eabi/lib/armv7-m/libm.a
START GROUP
LOAD /home/chm/gcc-arm-none-eabi-4_8-2014q3/bin/../lib/gcc/arm-none-eabi/4.8.4/armv7-m/libgcc.a
LOAD /home/chm/gcc-arm-none-eabi-4_8-2014q3/bin/../lib/gcc/arm-none-eabi/4.8.4/../../../../arm-none-eabi/lib/armv7-m/libg_s.a
LOAD /home/chm/gcc-arm-none-eabi-4_8-2014q3/bin/../lib/gcc/arm-none-eabi/4.8.4/../../../../arm-none-eabi/lib/armv7-m/libc_s.a
END GROUP
START GROUP
LOAD /home/chm/gcc-arm-none-eabi-4_8-2014q3/bin/../lib/gcc/arm-none-eabi/4.8.4/armv7-m/libgcc.a
LOAD /home/chm/gcc-arm-none-eabi-4_8-2014q3/bin/../lib/gcc/arm-none-eabi/4.8.4/../../../../arm-none-eabi/lib/armv7-m/libc_s.a
END GROUP
                0x20005000                __stack = (ORIGIN (RAM) + 0x5000)
                0x20005000                _estack = __stack
                0x00000400                __Main_Stack_Size = 0x400
                0x00000400                PROVIDE (_Main_Stack_Size, __Main_Stack_Size)
                0x20004c00                __Main_Stack_Limit = (__stack - __Main_Stack_Size)
                0x20004c00                PROVIDE (_Main_Stack_Limit, __Main_Stack_Limit)
                0x00000100                _Minimum_Stack_Size = 0x100
                0x200000ac                PROVIDE (_Heap_Begin, _end_noinit)
                0x20004c00                PROVIDE (_Heap_Limit, (__stack - __Main_Stack_Size))

.isr_vector     0x00000000      0x280
                0x00000000                . = ALIGN (0x4)
 *(.isr_vector)
 .isr_vector    0x00000000      0x10c ./system/src/CMSIS/vectors_stm32f10x.o
                0x00000000                __isr_vectors
 *(.cfmconfig)
 *(.after_vectors .after_vectors.*)
 .after_vectors
                0x0000010c      0x11c ./system/src/newlib/_startup.o
                0x0000010c                _start
 .after_vectors
                0x00000228       0x50 ./system/src/cortexm/exception_handlers.o
                0x00000228                Reset_Handler
                0x0000022c                NMI_Handler
                0x00000234                HardFault_Handler
                0x0000023c                MemManage_Handler
                0x00000244                BusFault_Handler
                0x0000024c                UsageFault_Handler
                0x0000025c                DebugMon_Handler
 .after_vectors
                0x00000278        0x8 ./system/src/CMSIS/vectors_stm32f10x.o
                0x00000278                EXTI2_IRQHandler
                0x00000278                TIM8_TRG_COM_IRQHandler
                0x00000278                TIM8_CC_IRQHandler
                0x00000278                TIM1_CC_IRQHandler
                0x00000278                TIM6_IRQHandler
                0x00000278                PVD_IRQHandler
                0x00000278                SDIO_IRQHandler
                0x00000278                CAN2_RX1_IRQHandler
                0x00000278                EXTI3_IRQHandler
                0x00000278                TIM8_TRG_COM_TIM14_IRQHandler
                0x00000278                TIM1_UP_TIM10_IRQHandler
                0x00000278                TIM8_UP_TIM13_IRQHandler
                0x00000278                EXTI0_IRQHandler
                0x00000278                I2C2_EV_IRQHandler
                0x00000278                CAN1_RX0_IRQHandler
                0x00000278                TIM1_UP_TIM16_IRQHandler
                0x00000278                CAN2_SCE_IRQHandler
                0x00000278                ADC1_2_IRQHandler
                0x00000278                SPI1_IRQHandler
                0x00000278                TAMPER_IRQHandler
                0x00000278                TIM6_DAC_IRQHandler
                0x00000278                TIM1_BRK_TIM9_IRQHandler
                0x00000278                CAN2_RX0_IRQHandler
                0x00000278                TIM8_UP_IRQHandler
                0x00000278                DMA2_Channel2_IRQHandler
                0x00000278                DMA1_Channel4_IRQHandler
                0x00000278                USART3_IRQHandler
                0x00000278                RTC_IRQHandler
                0x00000278                DMA1_Channel7_IRQHandler
                0x00000278                CAN1_RX1_IRQHandler
                0x00000278                UART5_IRQHandler
                0x00000278                ADC3_IRQHandler
                0x00000278                TIM4_IRQHandler
                0x00000278                DMA2_Channel1_IRQHandler
                0x00000278                I2C1_EV_IRQHandler
                0x00000278                DMA1_Channel6_IRQHandler
                0x00000278                UART4_IRQHandler
                0x00000278                DMA2_Channel4_IRQHandler
                0x00000278                TIM3_IRQHandler
                0x00000278                RCC_IRQHandler
                0x00000278                TIM8_BRK_TIM12_IRQHandler
                0x00000278                TIM1_TRG_COM_IRQHandler
                0x00000278                DMA1_Channel1_IRQHandler
                0x00000278                Default_Handler
                0x00000278                CEC_IRQHandler
                0x00000278                EXTI15_10_IRQHandler
                0x00000278                TIM14_IRQHandler
                0x00000278                TIM13_IRQHandler
                0x00000278                TIM12_IRQHandler
                0x00000278                TIM7_IRQHandler
                0x00000278                CAN2_TX_IRQHandler
                0x00000278                TIM5_IRQHandler
                0x00000278                EXTI9_5_IRQHandler
                0x00000278                ETH_WKUP_IRQHandler
                0x00000278                SPI2_IRQHandler
                0x00000278                CAN1_TX_IRQHandler
                0x00000278                DMA2_Channel5_IRQHandler
                0x00000278                DMA1_Channel5_IRQHandler
                0x00000278                EXTI4_IRQHandler
                0x00000278                USB_LP_CAN1_RX0_IRQHandler
                0x00000278                TIM1_TRG_COM_TIM17_IRQHandler
                0x00000278                USB_HP_CAN1_TX_IRQHandler
                0x00000278                DMA1_Channel3_IRQHandler
                0x00000278                FSMC_IRQHandler
                0x00000278                ETH_IRQHandler
                0x00000278                TIM1_UP_IRQHandler
                0x00000278                WWDG_IRQHandler
                0x00000278                TIM2_IRQHandler
                0x00000278                OTG_FS_WKUP_IRQHandler
                0x00000278                TIM1_TRG_COM_TIM11_IRQHandler
                0x00000278                TIM1_BRK_IRQHandler
                0x00000278                EXTI1_IRQHandler
                0x00000278                RTCAlarm_IRQHandler
                0x00000278                DMA2_Channel4_5_IRQHandler
                0x00000278                USART2_IRQHandler
                0x00000278                I2C2_ER_IRQHandler
                0x00000278                DMA1_Channel2_IRQHandler
                0x00000278                TIM8_BRK_IRQHandler
                0x00000278                CAN1_SCE_IRQHandler
                0x00000278                FLASH_IRQHandler
                0x00000278                USART1_IRQHandler
                0x00000278                OTG_FS_IRQHandler
                0x00000278                SPI3_IRQHandler
                0x00000278                I2C1_ER_IRQHandler
                0x00000278                USBWakeUp_IRQHandler
                0x00000278                DMA2_Channel3_IRQHandler
                0x00000278                TIM1_BRK_TIM15_IRQHandler
                0x00000280                . = ALIGN (0x4)

.inits          0x00000280        0x0
                0x00000280                . = ALIGN (0x4)
 *(.init)
 *(.fini)
                0x00000280                . = ALIGN (0x4)
                0x00000280                PROVIDE (__preinit_array_start, .)
 *(.preinit_array_sysinit .preinit_array_sysinit.*)
 *(.preinit_array_platform .preinit_array_platform.*)
 *(.preinit_array .preinit_array.*)
                0x00000280                PROVIDE (__preinit_array_end, .)
                0x00000280                . = ALIGN (0x4)
                0x00000280                PROVIDE (__init_array_start, .)
 *(SORT(.init_array.*))
 *(.init_array)
                0x00000280                PROVIDE (__init_array_end, .)
                0x00000280                . = ALIGN (0x4)
                0x00000280                PROVIDE (__fini_array_start, .)
 *(SORT(.fini_array.*))
 *(.fini_array)
                0x00000280                PROVIDE (__fini_array_end, .)
                0x00000280                . = ALIGN (0x4)

.flashtext      0x00000280        0x0
                0x00000280                . = ALIGN (0x4)
 *(.flashtext .flashtext.*)
                0x00000280                . = ALIGN (0x4)

.text           0x00000280      0x5bc
                0x00000280                . = ALIGN (0x4)
 *(.text .text.*)
 .text._exit    0x00000280        0xc ./system/src/newlib/_exit.o
                0x00000280                _exit
 .text.__initialize_args
                0x0000028c       0x28 ./system/src/newlib/_syscalls.o
                0x0000028c                __initialize_args
 .text.vListInsertEnd
                0x000002b4       0x50 ./system/src/freertos/list.o
                0x000002b4                vListInsertEnd
 .text.vListRemove
                0x00000304       0x50 ./system/src/freertos/list.o
                0x00000304                vListRemove
 .text.vTaskIncrementTick
                0x00000354      0x12c ./system/src/freertos/tasks.o
                0x00000354                vTaskIncrementTick
 .text.vTaskSwitchContext
                0x00000480       0x94 ./system/src/freertos/tasks.o
                0x00000480                vTaskSwitchContext
 .text.__initialize_hardware_early
                0x00000514        0xc ./system/src/cortexm/_initialize_hardware.o
                0x00000514                __initialize_hardware_early
 .text.__initialize_hardware
                0x00000520        0xc ./system/src/cortexm/_initialize_hardware.o
                0x00000520                __initialize_hardware
 .text.NVIC_SystemReset
                0x0000052c       0x28 ./system/src/cortexm/_reset_hardware.o
 .text.__reset_hardware
                0x00000554        0x8 ./system/src/cortexm/_reset_hardware.o
                0x00000554                __reset_hardware
 .text.SystemInit
                0x0000055c       0x68 ./system/src/CMSIS/system_stm32f10x.o
                0x0000055c                SystemInit
 .text.SystemCoreClockUpdate
                0x000005c4       0xe0 ./system/src/CMSIS/system_stm32f10x.o
                0x000005c4                SystemCoreClockUpdate
 .text.SetSysClock
                0x000006a4        0xc ./system/src/CMSIS/system_stm32f10x.o
 .text.SetSysClockTo72
                0x000006b0      0x100 ./system/src/CMSIS/system_stm32f10x.o
 .text.SVC_Handler
                0x000007b0       0x20 ./system/include/freertos/portable/GCC/ARM_CM3/port.o
                0x000007b0                SVC_Handler
 .text.PendSV_Handler
                0x000007d0       0x3c ./system/include/freertos/portable/GCC/ARM_CM3/port.o
                0x000007d0                PendSV_Handler
 .text.SysTick_Handler
                0x0000080c       0x30 ./system/include/freertos/portable/GCC/ARM_CM3/port.o
                0x0000080c                SysTick_Handler
 *(.rodata .rodata.*)
 *(vtable)
 *(.eh_frame*)
 *(.glue_7)
 .glue_7        0x00000000        0x0 linker stubs
 *(.glue_7t)
 .glue_7t       0x00000000        0x0 linker stubs

.vfp11_veneer   0x0000083c        0x0
 .vfp11_veneer  0x00000000        0x0 linker stubs

.v4_bx          0x0000083c        0x0
 .v4_bx         0x00000000        0x0 linker stubs

.iplt           0x0000083c        0x0
 .iplt          0x00000000        0x0 ./system/src/stm32f1-stdperiph/misc.o

.rel.dyn        0x0000083c        0x0
 .rel.iplt      0x00000000        0x0 ./system/src/stm32f1-stdperiph/misc.o

.ARM.extab
 *(.ARM.extab* .gnu.linkonce.armextab.*)
                0x0000083c                __exidx_start = .

.ARM.exidx
 *(.ARM.exidx* .gnu.linkonce.armexidx.*)
                0x0000083c                __exidx_end = .
                0x0000083c                . = ALIGN (0x4)
                0x0000083c                _etext = .
                0x0000083c                __etext = .
                0x0000083c                _sidata = _etext

.data           0x20000000       0x20 load address 0x0000083c
                0x20000000                . = ALIGN (0x4)
                0x20000000                _sdata = .
                0x20000000                __data_start__ = .
 *(.data_begin .data_begin.*)
 *(.data .data.*)
 .data.argv.4461
                0x20000000        0x8 ./system/src/newlib/_syscalls.o
 .data.xNextTaskUnblockTime
                0x20000008        0x4 ./system/src/freertos/tasks.o
 .data.SystemCoreClock
                0x2000000c        0x4 ./system/src/CMSIS/system_stm32f10x.o
                0x2000000c                SystemCoreClock
 .data.AHBPrescTable
                0x20000010       0x10 ./system/src/CMSIS/system_stm32f10x.o
                0x20000010                AHBPrescTable
 *(.data_end .data_end.*)
                0x20000020                . = ALIGN (0x4)
                0x20000020                _edata = .
                0x20000020                __data_end__ = .

.igot.plt       0x20000020        0x0 load address 0x0000085c
 .igot.plt      0x00000000        0x0 ./system/src/stm32f1-stdperiph/misc.o

.bss            0x20000020       0x8c load address 0x0000085c
                0x20000020                . = ALIGN (0x4)
                0x20000020                __bss_start__ = .
                0x20000020                _sbss = .
 *(.bss_begin .bss_begin.*)
 *(.bss .bss.*)
 .bss.name.4460
                0x20000020        0x4 ./system/src/newlib/_syscalls.o
 .bss.pxCurrentTCB
                0x20000024        0x4 ./system/src/freertos/tasks.o
                0x20000024                pxCurrentTCB
 .bss.pxReadyTasksLists
                0x20000028       0x64 ./system/src/freertos/tasks.o
 .bss.pxDelayedTaskList
                0x2000008c        0x4 ./system/src/freertos/tasks.o
 .bss.pxOverflowDelayedTaskList
                0x20000090        0x4 ./system/src/freertos/tasks.o
 .bss.xTickCount
                0x20000094        0x4 ./system/src/freertos/tasks.o
 .bss.uxTopReadyPriority
                0x20000098        0x4 ./system/src/freertos/tasks.o
 .bss.uxSchedulerSuspended
                0x2000009c        0x4 ./system/src/freertos/tasks.o
 .bss.uxMissedTicks
                0x200000a0        0x4 ./system/src/freertos/tasks.o
 .bss.xMissedYield
                0x200000a4        0x4 ./system/src/freertos/tasks.o
 .bss.xNumOfOverflows
                0x200000a8        0x4 ./system/src/freertos/tasks.o
 *(COMMON)
 *(.bss_end .bss_end.*)
                0x200000ac                . = ALIGN (0x4)
                0x200000ac                __bss_end__ = .
                0x200000ac                _ebss = .

.noinit         0x200000ac        0x0
                0x200000ac                . = ALIGN (0x4)
                0x200000ac                _noinit = .
 *(.noinit .noinit.*)
                0x200000ac                . = ALIGN (0x4)
                0x200000ac                _end_noinit = .
                0x200000ac                PROVIDE (end, _end_noinit)
                0x200000ac                PROVIDE (_end, _end_noinit)
                0x200000ac                PROVIDE (__end, _end_noinit)
                0x200000ac                PROVIDE (__end__, _end_noinit)

._check_stack   0x200000ac      0x100 load address 0x000008e8
                0x200000ac                . = ALIGN (0x4)
                0x200001ac                . = (. + _Minimum_Stack_Size)
 *fill*         0x200000ac      0x100 
                0x200001ac                . = ALIGN (0x4)

.bss_CCMRAM
 *(.bss.CCMRAM .bss.CCMRAM.*)

.b1text
 *(.b1text)
 *(.b1rodata)
 *(.b1rodata.*)

.eb0text
 *(.eb0text)
 *(.eb0rodata)
 *(.eb0rodata.*)

.eb1text
 *(.eb1text)
 *(.eb1rodata)
 *(.eb1rodata.*)

.eb2text
 *(.eb2text)
 *(.eb2rodata)
 *(.eb2rodata.*)

.eb3text
 *(.eb3text)
 *(.eb3rodata)
 *(.eb3rodata.*)

.stab
 *(.stab)

.stabstr
 *(.stabstr)

.stab.excl
 *(.stab.excl)

.stab.exclstr
 *(.stab.exclstr)

.stab.index
 *(.stab.index)

.stab.indexstr
 *(.stab.indexstr)

.comment        0x00000000       0x70
 *(.comment)
 .comment       0x00000000       0x70 ./system/src/newlib/_exit.o
                                 0x71 (size before relaxing)
 .comment       0x00000000       0x71 ./system/src/newlib/_startup.o
 .comment       0x00000000       0x71 ./system/src/newlib/_syscalls.o
 .comment       0x00000000       0x71 ./system/src/freertos/list.o
 .comment       0x00000000       0x71 ./system/src/freertos/tasks.o
 .comment       0x00000000       0x71 ./system/src/cortexm/_initialize_hardware.o
 .comment       0x00000000       0x71 ./system/src/cortexm/_reset_hardware.o
 .comment       0x00000000       0x71 ./system/src/cortexm/exception_handlers.o
 .comment       0x00000000       0x71 ./system/src/CMSIS/system_stm32f10x.o
 .comment       0x00000000       0x71 ./system/src/CMSIS/vectors_stm32f10x.o
 .comment       0x00000000       0x71 ./system/include/freertos/portable/GCC/ARM_CM3/port.o

.ARM.attributes
                0x00000000       0x33
 .ARM.attributes
                0x00000000       0x33 ./system/src/newlib/_exit.o
 .ARM.attributes
                0x00000033       0x33 ./system/src/newlib/_startup.o
 .ARM.attributes
                0x00000066       0x33 ./system/src/newlib/_syscalls.o
 .ARM.attributes
                0x00000099       0x33 ./system/src/freertos/list.o
 .ARM.attributes
                0x000000cc       0x33 ./system/src/freertos/tasks.o
 .ARM.attributes
                0x000000ff       0x33 ./system/src/cortexm/_initialize_hardware.o
 .ARM.attributes
                0x00000132       0x33 ./system/src/cortexm/_reset_hardware.o
 .ARM.attributes
                0x00000165       0x33 ./system/src/cortexm/exception_handlers.o
 .ARM.attributes
                0x00000198       0x33 ./system/src/CMSIS/system_stm32f10x.o
 .ARM.attributes
                0x000001cb       0x33 ./system/src/CMSIS/vectors_stm32f10x.o
 .ARM.attributes
                0x000001fe       0x33 ./system/include/freertos/portable/GCC/ARM_CM3/port.o

.debug
 *(.debug)

.line
 *(.line)

.debug_srcinfo
 *(.debug_srcinfo)

.debug_sfnames
 *(.debug_sfnames)

.debug_aranges  0x00000000      0x420
 *(.debug_aranges)
 .debug_aranges
                0x00000000       0x28 ./system/src/newlib/_exit.o
 .debug_aranges
                0x00000028       0x40 ./system/src/newlib/_startup.o
 .debug_aranges
                0x00000068       0xd0 ./system/src/newlib/_syscalls.o
 .debug_aranges
                0x00000138       0x40 ./system/src/freertos/list.o
 .debug_aranges
                0x00000178      0x128 ./system/src/freertos/tasks.o
 .debug_aranges
                0x000002a0       0x28 ./system/src/cortexm/_initialize_hardware.o
 .debug_aranges
                0x000002c8       0x28 ./system/src/cortexm/_reset_hardware.o
 .debug_aranges
                0x000002f0       0x68 ./system/src/cortexm/exception_handlers.o
 .debug_aranges
                0x00000358       0x38 ./system/src/CMSIS/system_stm32f10x.o
 .debug_aranges
                0x00000390       0x20 ./system/src/CMSIS/vectors_stm32f10x.o
 .debug_aranges
                0x000003b0       0x70 ./system/include/freertos/portable/GCC/ARM_CM3/port.o

.debug_pubnames
 *(.debug_pubnames)

.debug_info     0x00000000     0x269d
 *(.debug_info .gnu.linkonce.wi.*)
 .debug_info    0x00000000       0xba ./system/src/newlib/_exit.o
 .debug_info    0x000000ba      0x380 ./system/src/newlib/_startup.o
 .debug_info    0x0000043a      0x7f1 ./system/src/newlib/_syscalls.o
 .debug_info    0x00000c2b      0x28e ./system/src/freertos/list.o
 .debug_info    0x00000eb9      0xcc7 ./system/src/freertos/tasks.o
 .debug_info    0x00001b80       0xc0 ./system/src/cortexm/_initialize_hardware.o
 .debug_info    0x00001c40      0x2af ./system/src/cortexm/_reset_hardware.o
 .debug_info    0x00001eef       0xd4 ./system/src/cortexm/exception_handlers.o
 .debug_info    0x00001fc3      0x481 ./system/src/CMSIS/system_stm32f10x.o
 .debug_info    0x00002444       0x92 ./system/src/CMSIS/vectors_stm32f10x.o
 .debug_info    0x000024d6      0x1c7 ./system/include/freertos/portable/GCC/ARM_CM3/port.o

.debug_abbrev   0x00000000      0xa33
 *(.debug_abbrev)
 .debug_abbrev  0x00000000       0x6e ./system/src/newlib/_exit.o
 .debug_abbrev  0x0000006e      0x12f ./system/src/newlib/_startup.o
 .debug_abbrev  0x0000019d      0x165 ./system/src/newlib/_syscalls.o
 .debug_abbrev  0x00000302       0xbf ./system/src/freertos/list.o
 .debug_abbrev  0x000003c1      0x1d2 ./system/src/freertos/tasks.o
 .debug_abbrev  0x00000593       0x6a ./system/src/cortexm/_initialize_hardware.o
 .debug_abbrev  0x000005fd       0xf1 ./system/src/cortexm/_reset_hardware.o
 .debug_abbrev  0x000006ee       0x2f ./system/src/cortexm/exception_handlers.o
 .debug_abbrev  0x0000071d      0x151 ./system/src/CMSIS/system_stm32f10x.o
 .debug_abbrev  0x0000086e       0x92 ./system/src/CMSIS/vectors_stm32f10x.o
 .debug_abbrev  0x00000900      0x133 ./system/include/freertos/portable/GCC/ARM_CM3/port.o

.debug_line     0x00000000     0x216e
 *(.debug_line)
 .debug_line    0x00000000      0x26a ./system/src/newlib/_exit.o
 .debug_line    0x0000026a      0x2c5 ./system/src/newlib/_startup.o
 .debug_line    0x0000052f      0x48d ./system/src/newlib/_syscalls.o
 .debug_line    0x000009bc      0x33d ./system/src/freertos/list.o
 .debug_line    0x00000cf9      0x899 ./system/src/freertos/tasks.o
 .debug_line    0x00001592      0x2a6 ./system/src/cortexm/_initialize_hardware.o
 .debug_line    0x00001838      0x2bc ./system/src/cortexm/_reset_hardware.o
 .debug_line    0x00001af4       0xc3 ./system/src/cortexm/exception_handlers.o
 .debug_line    0x00001bb7      0x308 ./system/src/CMSIS/system_stm32f10x.o
 .debug_line    0x00001ebf       0x8e ./system/src/CMSIS/vectors_stm32f10x.o
 .debug_line    0x00001f4d      0x221 ./system/include/freertos/portable/GCC/ARM_CM3/port.o

.debug_frame    0x00000000      0xbd0
 *(.debug_frame)
 .debug_frame   0x00000000       0x4c ./system/src/newlib/_exit.o
 .debug_frame   0x0000004c       0xa8 ./system/src/newlib/_startup.o
 .debug_frame   0x000000f4      0x2e4 ./system/src/newlib/_syscalls.o
 .debug_frame   0x000003d8       0x9c ./system/src/freertos/list.o
 .debug_frame   0x00000474      0x420 ./system/src/freertos/tasks.o
 .debug_frame   0x00000894       0x48 ./system/src/cortexm/_initialize_hardware.o
 .debug_frame   0x000008dc       0x44 ./system/src/cortexm/_reset_hardware.o
 .debug_frame   0x00000920       0xf8 ./system/src/cortexm/exception_handlers.o
 .debug_frame   0x00000a18       0x80 ./system/src/CMSIS/system_stm32f10x.o
 .debug_frame   0x00000a98       0x28 ./system/src/CMSIS/vectors_stm32f10x.o
 .debug_frame   0x00000ac0      0x110 ./system/include/freertos/portable/GCC/ARM_CM3/port.o

.debug_str      0x00000000    0x3e13d
 *(.debug_str)
 .debug_str     0x00000000     0x4d7d ./system/src/newlib/_exit.o
                               0x4e98 (size before relaxing)
 .debug_str     0x00004d7d      0x96b ./system/src/newlib/_startup.o
                               0x3db3 (size before relaxing)
 .debug_str     0x000056e8     0x12ce ./system/src/newlib/_syscalls.o
                               0x5310 (size before relaxing)
 .debug_str     0x000069b6     0x194d ./system/src/freertos/list.o
                               0x5622 (size before relaxing)
 .debug_str     0x00008303     0x2b03 ./system/src/freertos/tasks.o
                               0x846f (size before relaxing)
 .debug_str     0x0000ae06    0x32cc2 ./system/src/cortexm/_initialize_hardware.o
                              0x35baf (size before relaxing)
 .debug_str     0x0003dac8       0xc3 ./system/src/cortexm/_reset_hardware.o
                              0x35c24 (size before relaxing)
 .debug_str     0x0003db8b       0xbd ./system/src/cortexm/exception_handlers.o
                               0x24de (size before relaxing)
 .debug_str     0x0003dc48      0x150 ./system/src/CMSIS/system_stm32f10x.o
                              0x35d19 (size before relaxing)
 .debug_str     0x0003dd98       0x57 ./system/src/CMSIS/vectors_stm32f10x.o
                               0x2482 (size before relaxing)
 .debug_str     0x0003ddef      0x34e ./system/include/freertos/portable/GCC/ARM_CM3/port.o
                               0x4638 (size before relaxing)

.debug_loc
 *(.debug_loc)

.debug_macinfo
 *(.debug_macinfo)

.debug_weaknames
 *(.debug_weaknames)

.debug_funcnames
 *(.debug_funcnames)

.debug_typenames
 *(.debug_typenames)

.debug_varnames
 *(.debug_varnames)
OUTPUT(blink-simple.elf elf32-littlearm)

.debug_ranges   0x00000000      0x370
 .debug_ranges  0x00000000       0x18 ./system/src/newlib/_exit.o
 .debug_ranges  0x00000018       0x30 ./system/src/newlib/_startup.o
 .debug_ranges  0x00000048       0xc0 ./system/src/newlib/_syscalls.o
 .debug_ranges  0x00000108       0x30 ./system/src/freertos/list.o
 .debug_ranges  0x00000138      0x118 ./system/src/freertos/tasks.o
 .debug_ranges  0x00000250       0x18 ./system/src/cortexm/_initialize_hardware.o
 .debug_ranges  0x00000268       0x18 ./system/src/cortexm/_reset_hardware.o
 .debug_ranges  0x00000280       0x58 ./system/src/cortexm/exception_handlers.o
 .debug_ranges  0x000002d8       0x28 ./system/src/CMSIS/system_stm32f10x.o
 .debug_ranges  0x00000300       0x10 ./system/src/CMSIS/vectors_stm32f10x.o
 .debug_ranges  0x00000310       0x60 ./system/include/freertos/portable/GCC/ARM_CM3/port.o

.debug_macro    0x00000000     0x1469
 .debug_macro   0x00000000      0x11b ./system/src/newlib/_exit.o
 .debug_macro   0x0000011b       0xa3 ./system/src/newlib/_exit.o
 .debug_macro   0x000001be      0x10e ./system/src/newlib/_exit.o
 .debug_macro   0x000002cc       0x86 ./system/src/newlib/_exit.o
 .debug_macro   0x00000352       0x43 ./system/src/newlib/_exit.o
 .debug_macro   0x00000395       0x10 ./system/src/newlib/_exit.o
 .debug_macro   0x000003a5       0x35 ./system/src/newlib/_exit.o
 .debug_macro   0x000003da       0xcb ./system/src/newlib/_startup.o
 .debug_macro   0x000004a5      0x169 ./system/src/newlib/_syscalls.o
 .debug_macro   0x0000060e       0x1c ./system/src/newlib/_syscalls.o
 .debug_macro   0x0000062a       0x10 ./system/src/newlib/_syscalls.o
 .debug_macro   0x0000063a       0x10 ./system/src/newlib/_syscalls.o
 .debug_macro   0x0000064a       0x10 ./system/src/newlib/_syscalls.o
 .debug_macro   0x0000065a       0x35 ./system/src/newlib/_syscalls.o
 .debug_macro   0x0000068f      0x120 ./system/src/newlib/_syscalls.o
 .debug_macro   0x000007af       0x22 ./system/src/newlib/_syscalls.o
 .debug_macro   0x000007d1       0x2b ./system/src/newlib/_syscalls.o
 .debug_macro   0x000007fc      0x118 ./system/src/newlib/_syscalls.o
 .debug_macro   0x00000914      0x13a ./system/src/newlib/_syscalls.o
 .debug_macro   0x00000a4e       0x16 ./system/src/newlib/_syscalls.o
 .debug_macro   0x00000a64      0x120 ./system/src/freertos/list.o
 .debug_macro   0x00000b84      0x21a ./system/src/freertos/tasks.o
 .debug_macro   0x00000d9e       0x16 ./system/src/freertos/tasks.o
 .debug_macro   0x00000db4       0x97 ./system/src/freertos/tasks.o
 .debug_macro   0x00000e4b       0x10 ./system/src/freertos/tasks.o
 .debug_macro   0x00000e5b       0xf6 ./system/src/freertos/tasks.o
 .debug_macro   0x00000f51       0x16 ./system/src/freertos/tasks.o
 .debug_macro   0x00000f67      0x16c ./system/src/freertos/tasks.o
 .debug_macro   0x000010d3       0x5b ./system/src/freertos/tasks.o
 .debug_macro   0x0000112e       0x16 ./system/src/freertos/tasks.o
 .debug_macro   0x00001144       0xbc ./system/src/cortexm/_initialize_hardware.o
 .debug_macro   0x00001200       0xbc ./system/src/cortexm/_reset_hardware.o
 .debug_macro   0x000012bc       0x1b ./system/src/cortexm/exception_handlers.o
 .debug_macro   0x000012d7       0xbf ./system/src/CMSIS/system_stm32f10x.o
 .debug_macro   0x00001396       0x1b ./system/src/CMSIS/vectors_stm32f10x.o
 .debug_macro   0x000013b1       0xb8 ./system/include/freertos/portable/GCC/ARM_CM3/port.o
